Archive member included because of file (symbol)

c:/PSDK3v2/psl1ght/ppu/lib\liblv2.a(process_wrapper.o)
                              loader.o (sysProcessExitSpawn2)
c:/PSDK3v2/psl1ght/ppu/lib\liblv2.a(sprx.o)
                              c:/PSDK3v2/psl1ght/ppu/lib\liblv2.a(process_wrapper.o) (sysProcessExitSpawn2Ex)
c:/psdk3v2/ps3dev/ppu/bin/../lib/gcc/powerpc64-ps3-elf/4.5.2/../../../../powerpc64-ps3-elf/lib\libsysbase.a(syscalls.o)
                              c:/psdk3v2/ps3dev/ppu/bin/../lib/gcc/powerpc64-ps3-elf/4.5.2/../../../../powerpc64-ps3-elf/lib/lv2-crt0.o (__syscalls)
c:/psdk3v2/ps3dev/ppu/bin/../lib/gcc/powerpc64-ps3-elf/4.5.2/../../../../powerpc64-ps3-elf/lib\libc.a(lib_a-exit.o)
                              c:/psdk3v2/ps3dev/ppu/bin/../lib/gcc/powerpc64-ps3-elf/4.5.2/../../../../powerpc64-ps3-elf/lib/lv2-crt0.o (exit)
c:/psdk3v2/ps3dev/ppu/bin/../lib/gcc/powerpc64-ps3-elf/4.5.2/../../../../powerpc64-ps3-elf/lib\libc.a(lib_a-impure.o)
                              c:/psdk3v2/ps3dev/ppu/bin/../lib/gcc/powerpc64-ps3-elf/4.5.2/../../../../powerpc64-ps3-elf/lib\libc.a(lib_a-exit.o) (_global_impure_ptr)
c:/psdk3v2/ps3dev/ppu/bin/../lib/gcc/powerpc64-ps3-elf/4.5.2/../../../../powerpc64-ps3-elf/lib\libc.a(lib_a-malloc.o)
                              c:/PSDK3v2/psl1ght/ppu/lib\liblv2.a(process_wrapper.o) (malloc)
c:/psdk3v2/ps3dev/ppu/bin/../lib/gcc/powerpc64-ps3-elf/4.5.2/../../../../powerpc64-ps3-elf/lib\libc.a(lib_a-mallocr.o)
                              c:/psdk3v2/ps3dev/ppu/bin/../lib/gcc/powerpc64-ps3-elf/4.5.2/../../../../powerpc64-ps3-elf/lib\libc.a(lib_a-malloc.o) (_malloc_r)
c:/psdk3v2/ps3dev/ppu/bin/../lib/gcc/powerpc64-ps3-elf/4.5.2/../../../../powerpc64-ps3-elf/lib\libc.a(lib_a-mlock.o)
                              c:/psdk3v2/ps3dev/ppu/bin/../lib/gcc/powerpc64-ps3-elf/4.5.2/../../../../powerpc64-ps3-elf/lib\libc.a(lib_a-mallocr.o) (__malloc_lock)
c:/psdk3v2/ps3dev/ppu/bin/../lib/gcc/powerpc64-ps3-elf/4.5.2/../../../../powerpc64-ps3-elf/lib\libc.a(lib_a-strcpy.o)
                              loader.o (strcpy)
c:/psdk3v2/ps3dev/ppu/bin/../lib/gcc/powerpc64-ps3-elf/4.5.2/../../../../powerpc64-ps3-elf/lib\libc.a(lib_a-strlen.o)
                              loader.o (strlen)
c:/psdk3v2/ps3dev/ppu/bin/../lib/gcc/powerpc64-ps3-elf/4.5.2/../../../../powerpc64-ps3-elf/lib\libc.a(lib_a-strncmp.o)
                              loader.o (strncmp)
c:/psdk3v2/ps3dev/ppu/bin/../lib/gcc/powerpc64-ps3-elf/4.5.2/../../../../powerpc64-ps3-elf/lib\libc.a(lib_a-__call_atexit.o)
                              c:/psdk3v2/ps3dev/ppu/bin/../lib/gcc/powerpc64-ps3-elf/4.5.2/../../../../powerpc64-ps3-elf/lib\libc.a(lib_a-exit.o) (__call_exitprocs)
c:/psdk3v2/ps3dev/ppu/bin/../lib/gcc/powerpc64-ps3-elf/4.5.2/../../../../powerpc64-ps3-elf/lib\libc.a(lib_a-freer.o)
                              c:/psdk3v2/ps3dev/ppu/bin/../lib/gcc/powerpc64-ps3-elf/4.5.2/../../../../powerpc64-ps3-elf/lib\libc.a(lib_a-malloc.o) (_free_r)
c:/psdk3v2/ps3dev/ppu/bin/../lib/gcc/powerpc64-ps3-elf/4.5.2/../../../../powerpc64-ps3-elf/lib\libc.a(lib_a-getreent.o)
                              c:/psdk3v2/ps3dev/ppu/bin/../lib/gcc/powerpc64-ps3-elf/4.5.2/../../../../powerpc64-ps3-elf/lib\libc.a(lib_a-malloc.o) (__getreent)
c:/psdk3v2/ps3dev/ppu/bin/../lib/gcc/powerpc64-ps3-elf/4.5.2/../../../../powerpc64-ps3-elf/lib\libc.a(lib_a-lock_recursive.o)
                              c:/psdk3v2/ps3dev/ppu/bin/../lib/gcc/powerpc64-ps3-elf/4.5.2/../../../../powerpc64-ps3-elf/lib\libc.a(lib_a-mlock.o) (__libc_lock_acquire_recursive)
c:/psdk3v2/ps3dev/ppu/bin/../lib/gcc/powerpc64-ps3-elf/4.5.2/../../../../powerpc64-ps3-elf/lib\libc.a(lib_a-memset.o)
                              c:/psdk3v2/ps3dev/ppu/bin/../lib/gcc/powerpc64-ps3-elf/4.5.2/../../../../powerpc64-ps3-elf/lib\libc.a(lib_a-getreent.o) (memset)
c:/psdk3v2/ps3dev/ppu/bin/../lib/gcc/powerpc64-ps3-elf/4.5.2/../../../../powerpc64-ps3-elf/lib\libc.a(lib_a-__atexit.o)
                              c:/psdk3v2/ps3dev/ppu/bin/../lib/gcc/powerpc64-ps3-elf/4.5.2/../../../../powerpc64-ps3-elf/lib\libc.a(lib_a-__call_atexit.o) (__atexit_lock)
c:/psdk3v2/ps3dev/ppu/bin/../lib/gcc/powerpc64-ps3-elf/4.5.2/../../../../powerpc64-ps3-elf/lib\libc.a(lib_a-lock_internal.o)
                              c:/psdk3v2/ps3dev/ppu/bin/../lib/gcc/powerpc64-ps3-elf/4.5.2/../../../../powerpc64-ps3-elf/lib\libc.a(lib_a-lock_recursive.o) (__libc_auto_lock_allocate)
c:/psdk3v2/ps3dev/ppu/bin/../lib/gcc/powerpc64-ps3-elf/4.5.2/../../../../powerpc64-ps3-elf/lib\libc.a(lib_a-abort.o)
                              c:/psdk3v2/ps3dev/ppu/bin/../lib/gcc/powerpc64-ps3-elf/4.5.2/../../../../powerpc64-ps3-elf/lib\libc.a(lib_a-lock_internal.o) (abort)
c:/psdk3v2/ps3dev/ppu/bin/../lib/gcc/powerpc64-ps3-elf/4.5.2/../../../../powerpc64-ps3-elf/lib\libc.a(lib_a-signal.o)
                              c:/psdk3v2/ps3dev/ppu/bin/../lib/gcc/powerpc64-ps3-elf/4.5.2/../../../../powerpc64-ps3-elf/lib\libc.a(lib_a-abort.o) (raise)
[...]
Memory Configuration

Name             Origin             Length             Attributes
*default*        0x0000000000000000 0xffffffffffffffff

Linker script and memory map

                0x0000000000010000                PROVIDE (__executable_start, 0x10000)
                0x0000000000010200                . = (0x10000 + SIZEOF_HEADERS)

.interp
 *(.interp)

.hash
 *(.hash)

.dynsym
 *(.dynsym)

.dynstr
 *(.dynstr)

.gnu.version
 *(.gnu.version)

.gnu.version_d
 *(.gnu.version_d)

.gnu.version_r
 *(.gnu.version_r)

.rel.dyn
 *(.rel.init)
 *(.rel.text .rel.text.* .rel.gnu.linkonce.t.*)
 *(.rel.fini)
 *(.rel.rodata .rel.rodata.* .rel.gnu.linkonce.r.*)
 *(.rel.data.rel.ro*)
 *(.rel.data .rel.data.* .rel.gnu.linkonce.d.*)
 *(.rel.tdata .rel.tdata.* .rel.gnu.linkonce.td.*)
 *(.rel.tbss .rel.tbss.* .rel.gnu.linkonce.tb.*)
 *(.rel.ctors)
 *(.rel.dtors)
 *(.rel.got)
 *(.rel.sdata .rel.sdata.* .rel.gnu.linkonce.s.*)
 *(.rel.sbss .rel.sbss.* .rel.gnu.linkonce.sb.*)
 *(.rel.sdata2 .rel.sdata2.* .rel.gnu.linkonce.s2.*)
 *(.rel.sbss2 .rel.sbss2.* .rel.gnu.linkonce.sb2.*)
 *(.rel.bss .rel.bss.* .rel.gnu.linkonce.b.*)

.rela.dyn       0x0000000000010200        0x0
 *(.rela.init)
 *(.rela.text .rela.text.* .rela.gnu.linkonce.t.*)
 *(.rela.fini)
 *(.rela.rodata .rela.rodata.* .rela.gnu.linkonce.r.*)
 *(.rela.data .rela.data.* .rela.gnu.linkonce.d.*)
 *(.rela.tdata .rela.tdata.* .rela.gnu.linkonce.td.*)
 *(.rela.tbss .rela.tbss.* .rela.gnu.linkonce.tb.*)
 *(.rela.ctors)
 *(.rela.dtors)
 *(.rela.got)
 *(.rela.toc)
 .rela.toc      0x0000000000000000        0x0 linker stubs
 *(.rela.sdata .rela.sdata.* .rela.gnu.linkonce.s.*)
 *(.rela.sbss .rela.sbss.* .rela.gnu.linkonce.sb.*)
 *(.rela.sdata2 .rela.sdata2.* .rela.gnu.linkonce.s2.*)
 *(.rela.sbss2 .rela.sbss2.* .rela.gnu.linkonce.sb2.*)
 *(.rela.bss .rela.bss.* .rela.gnu.linkonce.b.*)
 .rela.iplt     0x0000000000000000        0x0 linker stubs
 .rela.sys_proc_prx_param
                0x0000000000000000        0x0 linker stubs
 .rela.opd      0x0000000000000000        0x0 linker stubs

.rel.plt
 *(.rel.plt)

.rela.plt
 *(.rela.plt)

.rela.tocbss
 *(.rela.tocbss)

.init           0x0000000000010200       0x2c
 *(.init)
 .init          0x0000000000010200        0xc c:/psdk3v2/ps3dev/ppu/bin/../lib/gcc/powerpc64-ps3-elf/4.5.2/../../../../powerpc64-ps3-elf/lib/lv2-crti.o
                0x0000000000010200                ._init
 .init          0x000000000001020c        0x8 c:/psdk3v2/ps3dev/ppu/bin/../lib/gcc/powerpc64-ps3-elf/4.5.2/crtbegin.o
 .init          0x0000000000010214        0x8 c:/psdk3v2/ps3dev/ppu/bin/../lib/gcc/powerpc64-ps3-elf/4.5.2/crtend.o
 .init          0x000000000001021c       0x10 c:/psdk3v2/ps3dev/ppu/bin/../lib/gcc/powerpc64-ps3-elf/4.5.2/../../../../powerpc64-ps3-elf/lib/lv2-crtn.o

.text           0x0000000000010230    0x14204
 *(.text .stub .text.* .gnu.linkonce.t.*)
 .text          0x0000000000010230        0x0 c:/psdk3v2/ps3dev/ppu/bin/../lib/gcc/powerpc64-ps3-elf/4.5.2/../../../../powerpc64-ps3-elf/lib/lv2-crti.o
 .text          0x0000000000010230        0x0 c:/psdk3v2/ps3dev/ppu/bin/../lib/gcc/powerpc64-ps3-elf/4.5.2/crtbegin.o
 .text.__do_global_dtors_aux
                0x0000000000010230       0xc8 c:/psdk3v2/ps3dev/ppu/bin/../lib/gcc/powerpc64-ps3-elf/4.5.2/crtbegin.o
 .text.frame_dummy
                0x00000000000102f8       0x70 c:/psdk3v2/ps3dev/ppu/bin/../lib/gcc/powerpc64-ps3-elf/4.5.2/crtbegin.o
 .text          0x0000000000010368       0x58 c:/psdk3v2/ps3dev/ppu/bin/../lib/gcc/powerpc64-ps3-elf/4.5.2/../../../../powerpc64-ps3-elf/lib/lv2-crt0.o
                0x0000000000010368                ._start
 .text.__syscalls_init
                0x00000000000103c0      0x15c c:/psdk3v2/ps3dev/ppu/bin/../lib/gcc/powerpc64-ps3-elf/4.5.2/../../../../powerpc64-ps3-elf/lib/lv2-crt0.o
 *fill*         0x000000000001051c        0x4 60000000
 .text._initialize
                0x0000000000010520       0x40 c:/psdk3v2/ps3dev/ppu/bin/../lib/gcc/powerpc64-ps3-elf/4.5.2/../../../../powerpc64-ps3-elf/lib/lv2-crt0.o
                0x0000000000010520                ._initialize
 .text          0x0000000000010560        0x0 c:/psdk3v2/ps3dev/ppu/bin/../lib/gcc/powerpc64-ps3-elf/4.5.2/../../../../powerpc64-ps3-elf/lib/lv2-sprx.o
 .text          0x0000000000010560        0x0 loader.o
 .text.is_payload_loaded
                0x0000000000010560       0xe8 loader.o
                0x0000000000010560                .is_payload_loaded
 .text.main     0x0000000000010648      0x1b4 loader.o
                0x0000000000010648                .main
 .text          0x00000000000107fc        0x0 syscall8.o
 *fill*         0x00000000000107fc        0x4 60000000
 .text.sys8_disable
                0x0000000000010800       0x50 syscall8.o
                0x0000000000010800                .sys8_disable
 .text.sys8_enable
                0x0000000000010850       0x50 syscall8.o
                0x0000000000010850                .sys8_enable
 .text.sys8_memcpy
                0x00000000000108a0       0x54 syscall8.o
                0x00000000000108a0                .sys8_memcpy
 *fill*         0x00000000000108f4        0x4 60000000
 .text.sys8_memcpyinstr
                0x00000000000108f8       0x54 syscall8.o
                0x00000000000108f8                .sys8_memcpyinstr
 *fill*         0x000000000001094c        0x4 60000000
 .text.sys8_pokeinstr
                0x0000000000010950       0x54 syscall8.o
                0x0000000000010950                .sys8_pokeinstr
 *fill*         0x00000000000109a4        0x4 60000000
 .text.sys8_memset
                0x00000000000109a8       0x54 syscall8.o
                0x00000000000109a8                .sys8_memset
 *fill*         0x00000000000109fc        0x4 60000000
 .text.sys8_call
                0x0000000000010a00       0x54 syscall8.o
                0x0000000000010a00                .sys8_call
 *fill*         0x0000000000010a54        0x4 60000000
 .text.sys8_alloc
                0x0000000000010a58       0x50 syscall8.o
                0x0000000000010a58                .sys8_alloc
 .text.sys8_free
                0x0000000000010aa8       0x50 syscall8.o
                0x0000000000010aa8                .sys8_free
 .text.sys8_panic
                0x0000000000010af8       0x48 syscall8.o
                0x0000000000010af8                .sys8_panic
 .text.sys8_perm_mode
                0x0000000000010b40       0x50 syscall8.o
                0x0000000000010b40                .sys8_perm_mode
 .text.sys8_sys_configure
                0x0000000000010b90       0x50 syscall8.o
                0x0000000000010b90                .sys8_sys_configure
 .text.sys8_lv1_syscall
                0x0000000000010be0       0x54 syscall8.o
                0x0000000000010be0                .sys8_lv1_syscall
 *fill*         0x0000000000010c34        0x4 60000000
 .text.sys8_path_table
                0x0000000000010c38       0x4c syscall8.o
                0x0000000000010c38                .sys8_path_table
 .text          0x0000000000010c84        0x0 c:/PSDK3v2/psl1ght/ppu/lib\liblv2.a(process_wrapper.o)
 *fill*         0x0000000000010c84        0x4 60000000
 .text.sysProcessExitSpawn2
                0x0000000000010c88      0x1f0 c:/PSDK3v2/psl1ght/ppu/lib\liblv2.a(process_wrapper.o)
                0x0000000000010c88                .sysProcessExitSpawn2
 .text          0x0000000000010e78        0x0 c:/PSDK3v2/psl1ght/ppu/lib\liblv2.a(sprx.o)
 .text          0x0000000000010e78        0x0 c:/psdk3v2/ps3dev/ppu/bin/../lib/gcc/powerpc64-ps3-elf/4.5.2/../../../../powerpc64-ps3-elf/lib\libsysbase.a(syscalls.o)
 .text          0x0000000000010e78        0x0 c:/psdk3v2/ps3dev/ppu/bin/../lib/gcc/powerpc64-ps3-elf/4.5.2/../../../../powerpc64-ps3-elf/lib\libc.a(lib_a-exit.o)
 .text.exit     0x0000000000010e78       0x68 c:/psdk3v2/ps3dev/ppu/bin/../lib/gcc/powerpc64-ps3-elf/4.5.2/../../../../powerpc64-ps3-elf/lib\libc.a(lib_a-exit.o)
                0x0000000000010e78                .exit
 .text          0x0000000000010ee0        0x0 c:/psdk3v2/ps3dev/ppu/bin/../lib/gcc/powerpc64-ps3-elf/4.5.2/../../../../powerpc64-ps3-elf/lib\libc.a(lib_a-impure.o)
 .text          0x0000000000010ee0        0x0 c:/psdk3v2/ps3dev/ppu/bin/../lib/gcc/powerpc64-ps3-elf/4.5.2/../../../../powerpc64-ps3-elf/lib\libc.a(lib_a-malloc.o)
 .text.malloc   0x0000000000010ee0       0x48 c:/psdk3v2/ps3dev/ppu/bin/../lib/gcc/powerpc64-ps3-elf/4.5.2/../../../../powerpc64-ps3-elf/lib\libc.a(lib_a-malloc.o)
                0x0000000000010ee0                .malloc
 .text.free     0x0000000000010f28       0x48 c:/psdk3v2/ps3dev/ppu/bin/../lib/gcc/powerpc64-ps3-elf/4.5.2/../../../../powerpc64-ps3-elf/lib\libc.a(lib_a-malloc.o)
                0x0000000000010f28                .free
 .text          0x0000000000010f70        0x0 c:/psdk3v2/ps3dev/ppu/bin/../lib/gcc/powerpc64-ps3-elf/4.5.2/../../../../powerpc64-ps3-elf/lib\libc.a(lib_a-mallocr.o)
 .text._malloc_r
                0x0000000000010f70      0x944 c:/psdk3v2/ps3dev/ppu/bin/../lib/gcc/powerpc64-ps3-elf/4.5.2/../../../../powerpc64-ps3-elf/lib\libc.a(lib_a-mallocr.o)
                0x0000000000010f70                ._malloc_r
 .text          0x00000000000118b4        0x0 c:/psdk3v2/ps3dev/ppu/bin/../lib/gcc/powerpc64-ps3-elf/4.5.2/../../../../powerpc64-ps3-elf/lib\libc.a(lib_a-mlock.o)
 *fill*         0x00000000000118b4        0x4 60000000
 .text.__malloc_lock
                0x00000000000118b8       0x34 c:/psdk3v2/ps3dev/ppu/bin/../lib/gcc/powerpc64-ps3-elf/4.5.2/../../../../powerpc64-ps3-elf/lib\libc.a(lib_a-mlock.o)
                0x00000000000118b8                .__malloc_lock
 *fill*         0x00000000000118ec        0x4 60000000
 .text.__malloc_unlock
                0x00000000000118f0       0x34 c:/psdk3v2/ps3dev/ppu/bin/../lib/gcc/powerpc64-ps3-elf/4.5.2/../../../../powerpc64-ps3-elf/lib\libc.a(lib_a-mlock.o)
                0x00000000000118f0                .__malloc_unlock
 .text          0x0000000000011924        0x0 c:/psdk3v2/ps3dev/ppu/bin/../lib/gcc/powerpc64-ps3-elf/4.5.2/../../../../powerpc64-ps3-elf/lib\libc.a(lib_a-strcpy.o)
 *fill*         0x0000000000011924        0x4 60000000
 .text.strcpy   0x0000000000011928       0xa8 c:/psdk3v2/ps3dev/ppu/bin/../lib/gcc/powerpc64-ps3-elf/4.5.2/../../../../powerpc64-ps3-elf/lib\libc.a(lib_a-strcpy.o)
                0x0000000000011928                .strcpy
 .text          0x00000000000119d0        0x0 c:/psdk3v2/ps3dev/ppu/bin/../lib/gcc/powerpc64-ps3-elf/4.5.2/../../../../powerpc64-ps3-elf/lib\libc.a(lib_a-strlen.o)
 .text.strlen   0x00000000000119d0       0xe4 c:/psdk3v2/ps3dev/ppu/bin/../lib/gcc/powerpc64-ps3-elf/4.5.2/../../../../powerpc64-ps3-elf/lib\libc.a(lib_a-strlen.o)
                0x00000000000119d0                .strlen
 .text          0x0000000000011ab4        0x0 c:/psdk3v2/ps3dev/ppu/bin/../lib/gcc/powerpc64-ps3-elf/4.5.2/../../../../powerpc64-ps3-elf/lib\libc.a(lib_a-strncmp.o)
 *fill*         0x0000000000011ab4        0x4 60000000
 .text.strncmp  0x0000000000011ab8      0x184 c:/psdk3v2/ps3dev/ppu/bin/../lib/gcc/powerpc64-ps3-elf/4.5.2/../../../../powerpc64-ps3-elf/lib\libc.a(lib_a-strncmp.o)
                0x0000000000011ab8                .strncmp
 .text          0x0000000000011c3c        0x0 c:/psdk3v2/ps3dev/ppu/bin/../lib/gcc/powerpc64-ps3-elf/4.5.2/../../../../powerpc64-ps3-elf/lib\libc.a(lib_a-__call_atexit.o)
 *fill*         0x0000000000011c3c        0x4 60000000
 .text.__call_exitprocs
                0x0000000000011c40      0x250 c:/psdk3v2/ps3dev/ppu/bin/../lib/gcc/powerpc64-ps3-elf/4.5.2/../../../../powerpc64-ps3-elf/lib\libc.a(lib_a-__call_atexit.o)
                0x0000000000011c40                .__call_exitprocs
 .text          0x0000000000011e90        0x0 c:/psdk3v2/ps3dev/ppu/bin/../lib/gcc/powerpc64-ps3-elf/4.5.2/../../../../powerpc64-ps3-elf/lib\libc.a(lib_a-freer.o)
 .text._malloc_trim_r
                0x0000000000011e90      0x15c c:/psdk3v2/ps3dev/ppu/bin/../lib/gcc/powerpc64-ps3-elf/4.5.2/../../../../powerpc64-ps3-elf/lib\libc.a(lib_a-freer.o)
                0x0000000000011e90                ._malloc_trim_r
 *fill*         0x0000000000011fec        0x4 60000000
 .text._free_r  0x0000000000011ff0      0x310 c:/psdk3v2/ps3dev/ppu/bin/../lib/gcc/powerpc64-ps3-elf/4.5.2/../../../../powerpc64-ps3-elf/lib\libc.a(lib_a-freer.o)
                0x0000000000011ff0                ._free_r
 .text          0x0000000000012300        0x0 c:/psdk3v2/ps3dev/ppu/bin/../lib/gcc/powerpc64-ps3-elf/4.5.2/../../../../powerpc64-ps3-elf/lib\libc.a(lib_a-getreent.o)
 .text.__getreent
                0x0000000000012300      0x1f0 c:/psdk3v2/ps3dev/ppu/bin/../lib/gcc/powerpc64-ps3-elf/4.5.2/../../../../powerpc64-ps3-elf/lib\libc.a(lib_a-getreent.o)
                0x0000000000012300                .__getreent
 .text          0x00000000000124f0        0x0 c:/psdk3v2/ps3dev/ppu/bin/../lib/gcc/powerpc64-ps3-elf/4.5.2/../../../../powerpc64-ps3-elf/lib\libc.a(lib_a-lock_recursive.o)
 .text.__libc_lock_init_recursive
                0x00000000000124f0       0x34 c:/psdk3v2/ps3dev/ppu/bin/../lib/gcc/powerpc64-ps3-elf/4.5.2/../../../../powerpc64-ps3-elf/lib\libc.a(lib_a-lock_recursive.o)
                0x00000000000124f0                .__libc_lock_init_recursive
 *fill*         0x0000000000012524        0x4 60000000
 .text.__libc_lock_close_recursive
                0x0000000000012528       0x30 c:/psdk3v2/ps3dev/ppu/bin/../lib/gcc/powerpc64-ps3-elf/4.5.2/../../../../powerpc64-ps3-elf/lib\libc.a(lib_a-lock_recursive.o)
                0x0000000000012528                .__libc_lock_close_recursive
 .text.__libc_lock_acquire_recursive
                0x0000000000012558       0x58 c:/psdk3v2/ps3dev/ppu/bin/../lib/gcc/powerpc64-ps3-elf/4.5.2/../../../../powerpc64-ps3-elf/lib\libc.a(lib_a-lock_recursive.o)
                0x0000000000012558                .__libc_lock_acquire_recursive
 .text.__libc_lock_try_acquire_recursive
                0x00000000000125b0       0x54 c:/psdk3v2/ps3dev/ppu/bin/../lib/gcc/powerpc64-ps3-elf/4.5.2/../../../../powerpc64-ps3-elf/lib\libc.a(lib_a-lock_recursive.o)
                0x00000000000125b0                .__libc_lock_try_acquire_recursive
 *fill*         0x0000000000012604        0x4 60000000
 .text.__libc_lock_release_recursive
                0x0000000000012608       0x54 c:/psdk3v2/ps3dev/ppu/bin/../lib/gcc/powerpc64-ps3-elf/4.5.2/../../../../powerpc64-ps3-elf/lib\libc.a(lib_a-lock_recursive.o)
                0x0000000000012608                .__libc_lock_release_recursive
 .text          0x000000000001265c        0x0 c:/psdk3v2/ps3dev/ppu/bin/../lib/gcc/powerpc64-ps3-elf/4.5.2/../../../../powerpc64-ps3-elf/lib\libc.a(lib_a-memset.o)
 *fill*         0x000000000001265c        0x4 60000000
 .text.memset   0x0000000000012660      0x130 c:/psdk3v2/ps3dev/ppu/bin/../lib/gcc/powerpc64-ps3-elf/4.5.2/../../../../powerpc64-ps3-elf/lib\libc.a(lib_a-memset.o)
                0x0000000000012660                .memset
 .text          0x0000000000012790        0x0 c:/psdk3v2/ps3dev/ppu/bin/../lib/gcc/powerpc64-ps3-elf/4.5.2/../../../../powerpc64-ps3-elf/lib\libc.a(lib_a-__atexit.o)
 .text.__register_exitproc
                0x0000000000012790      0x188 c:/psdk3v2/ps3dev/ppu/bin/../lib/gcc/powerpc64-ps3-elf/4.5.2/../../../../powerpc64-ps3-elf/lib\libc.a(lib_a-__atexit.o)
                0x0000000000012790                .__register_exitproc
 .text          0x0000000000012918        0x0 c:/psdk3v2/ps3dev/ppu/bin/../lib/gcc/powerpc64-ps3-elf/4.5.2/../../../../powerpc64-ps3-elf/lib\libc.a(lib_a-lock_internal.o)
 .text.init_metalock
                0x0000000000012918       0x48 c:/psdk3v2/ps3dev/ppu/bin/../lib/gcc/powerpc64-ps3-elf/4.5.2/../../../../powerpc64-ps3-elf/lib\libc.a(lib_a-lock_internal.o)
 .text.__libc_auto_lock_allocate
                0x0000000000012960       0x9c c:/psdk3v2/ps3dev/ppu/bin/../lib/gcc/powerpc64-ps3-elf/4.5.2/../../../../powerpc64-ps3-elf/lib\libc.a(lib_a-lock_internal.o)
                0x0000000000012960                .__libc_auto_lock_allocate
 .text          0x00000000000129fc        0x0 c:/psdk3v2/ps3dev/ppu/bin/../lib/gcc/powerpc64-ps3-elf/4.5.2/../../../../powerpc64-ps3-elf/lib\libc.a(lib_a-abort.o)
 *fill*         0x00000000000129fc        0x4 60000000
 .text.abort    0x0000000000012a00       0x30 c:/psdk3v2/ps3dev/ppu/bin/../lib/gcc/powerpc64-ps3-elf/4.5.2/../../../../powerpc64-ps3-elf/lib\libc.a(lib_a-abort.o)
                0x0000000000012a00                .abort
 .text          0x0000000000012a30        0x0 c:/psdk3v2/ps3dev/ppu/bin/../lib/gcc/powerpc64-ps3-elf/4.5.2/../../../../powerpc64-ps3-elf/lib\libc.a(lib_a-signal.o)
 .text._init_signal_r
                0x0000000000012a30       0x84 c:/psdk3v2/ps3dev/ppu/bin/../lib/gcc/powerpc64-ps3-elf/4.5.2/../../../../powerpc64-ps3-elf/lib\libc.a(lib_a-signal.o)
                0x0000000000012a30                ._init_signal_r
 *fill*         0x0000000000012ab4        0x4 60000000
 .text._signal_r
                0x0000000000012ab8       0x9c c:/psdk3v2/ps3dev/ppu/bin/../lib/gcc/powerpc64-ps3-elf/4.5.2/../../../../powerpc64-ps3-elf/lib\libc.a(lib_a-signal.o)
                0x0000000000012ab8                ._signal_r
 *fill*         0x0000000000012b54        0x4 60000000
 .text._raise_r
                0x0000000000012b58      0x114 c:/psdk3v2/ps3dev/ppu/bin/../lib/gcc/powerpc64-ps3-elf/4.5.2/../../../../powerpc64-ps3-elf/lib\libc.a(lib_a-signal.o)
                0x0000000000012b58                ._raise_r
 *fill*         0x0000000000012c6c        0x4 60000000
 .text.__sigtramp_r
                0x0000000000012c70       0xd0 c:/psdk3v2/ps3dev/ppu/bin/../lib/gcc/powerpc64-ps3-elf/4.5.2/../../../../powerpc64-ps3-elf/lib\libc.a(lib_a-signal.o)
                0x0000000000012c70                .__sigtramp_r
 .text.raise    0x0000000000012d40       0x40 c:/psdk3v2/ps3dev/ppu/bin/../lib/gcc/powerpc64-ps3-elf/4.5.2/../../../../powerpc64-ps3-elf/lib\libc.a(lib_a-signal.o)
                0x0000000000012d40                .raise
 .text.signal   0x0000000000012d80       0x50 c:/psdk3v2/ps3dev/ppu/bin/../lib/gcc/powerpc64-ps3-elf/4.5.2/../../../../powerpc64-ps3-elf/lib\libc.a(lib_a-signal.o)
                0x0000000000012d80                .signal
 .text._init_signal
                0x0000000000012dd0       0x30 c:/psdk3v2/ps3dev/ppu/bin/../lib/gcc/powerpc64-ps3-elf/4.5.2/../../../../powerpc64-ps3-elf/lib\libc.a(lib_a-signal.o)
                0x0000000000012dd0                ._init_signal
 .text.__sigtramp
                0x0000000000012e00       0x40 c:/psdk3v2/ps3dev/ppu/bin/../lib/gcc/powerpc64-ps3-elf/4.5.2/../../../../powerpc64-ps3-elf/lib\libc.a(lib_a-signal.o)
                0x0000000000012e00                .__sigtramp
 .text          0x0000000000012e40        0x0 c:/PSDK3v2/psl1ght/ppu/lib\librt.a(sbrk.o)
 .text.sbrk_init
                0x0000000000012e40       0xc4 c:/PSDK3v2/psl1ght/ppu/lib\librt.a(sbrk.o)
 *fill*         0x0000000000012f04        0x4 60000000
 .text.sbrk_deinit
                0x0000000000012f08       0xbc c:/PSDK3v2/psl1ght/ppu/lib\librt.a(sbrk.o)
 *fill*         0x0000000000012fc4        0x4 60000000
 .text.__librt_sbrk_r
                0x0000000000012fc8      0x324 c:/PSDK3v2/psl1ght/ppu/lib\librt.a(sbrk.o)
                0x0000000000012fc8                .__librt_sbrk_r
 .text          0x00000000000132ec        0x0 c:/PSDK3v2/psl1ght/ppu/lib\librt.a(exit.o)
 *fill*         0x00000000000132ec        0x4 60000000
 .text.__librt_exit
                0x00000000000132f0       0x30 c:/PSDK3v2/psl1ght/ppu/lib\librt.a(exit.o)
                0x00000000000132f0                .__librt_exit
 .text          0x0000000000013320        0x0 c:/PSDK3v2/psl1ght/ppu/lib\librt.a(close.o)
 .text.__librt_close_r
                0x0000000000013320       0x8c c:/PSDK3v2/psl1ght/ppu/lib\librt.a(close.o)
                0x0000000000013320                .__librt_close_r
 .text          0x00000000000133ac        0x0 c:/PSDK3v2/psl1ght/ppu/lib\librt.a(lseek.o)
 *fill*         0x00000000000133ac        0x4 60000000
 .text.__librt_lseek_r
                0x00000000000133b0       0x8c c:/PSDK3v2/psl1ght/ppu/lib\librt.a(lseek.o)
                0x00000000000133b0                .__librt_lseek_r
 *fill*         0x000000000001343c        0x4 60000000
 .text.__librt_lseek64_r
                0x0000000000013440       0x8c c:/PSDK3v2/psl1ght/ppu/lib\librt.a(lseek.o)
                0x0000000000013440                .__librt_lseek64_r
 .text          0x00000000000134cc        0x0 c:/PSDK3v2/psl1ght/ppu/lib\librt.a(read.o)
 *fill*         0x00000000000134cc        0x4 60000000
 .text.__librt_read_r
                0x00000000000134d0      0x11c c:/PSDK3v2/psl1ght/ppu/lib\librt.a(read.o)
                0x00000000000134d0                .__librt_read_r
 .text          0x00000000000135ec        0x0 c:/PSDK3v2/psl1ght/ppu/lib\librt.a(open.o)
 *fill*         0x00000000000135ec        0x4 60000000
 .text.__librt_open_r
                0x00000000000135f0      0x180 c:/PSDK3v2/psl1ght/ppu/lib\librt.a(open.o)
                0x00000000000135f0                .__librt_open_r
 .text          0x0000000000013770        0x0 c:/PSDK3v2/psl1ght/ppu/lib\librt.a(sleep.o)
 .text.__librt_usleep_r
                0x0000000000013770       0x50 c:/PSDK3v2/psl1ght/ppu/lib\librt.a(sleep.o)
                0x0000000000013770                .__librt_usleep_r
 .text.__librt_sleep_r
                0x00000000000137c0       0x8c c:/PSDK3v2/psl1ght/ppu/lib\librt.a(sleep.o)
                0x00000000000137c0                .__librt_sleep_r
 .text          0x000000000001384c        0x0 c:/PSDK3v2/psl1ght/ppu/lib\librt.a(write.o)
 *fill*         0x000000000001384c        0x4 60000000
 .text.__librt_write_r
                0x0000000000013850      0x11c c:/PSDK3v2/psl1ght/ppu/lib\librt.a(write.o)
                0x0000000000013850                .__librt_write_r
 .text          0x000000000001396c        0x0 c:/PSDK3v2/psl1ght/ppu/lib\librt.a(fstat.o)
 *fill*         0x000000000001396c        0x4 60000000
 .text.__librt_fstat_r
                0x0000000000013970       0xd0 c:/PSDK3v2/psl1ght/ppu/lib\librt.a(fstat.o)
                0x0000000000013970                .__librt_fstat_r
 .text.__librt_fstat64_r
                0x0000000000013a40       0xd0 c:/PSDK3v2/psl1ght/ppu/lib\librt.a(fstat.o)
                0x0000000000013a40                .__librt_fstat64_r
 .text.__librt_stat_r
                0x0000000000013b10       0xd0 c:/PSDK3v2/psl1ght/ppu/lib\librt.a(fstat.o)
                0x0000000000013b10                .__librt_stat_r
 .text.__librt_stat64_r
                0x0000000000013be0       0xd0 c:/PSDK3v2/psl1ght/ppu/lib\librt.a(fstat.o)
                0x0000000000013be0                .__librt_stat64_r
 .text          0x0000000000013cb0        0x0 c:/PSDK3v2/psl1ght/ppu/lib\librt.a(socket.o)
 .text.accept   0x0000000000013cb0       0xa0 c:/PSDK3v2/psl1ght/ppu/lib\librt.a(socket.o)
                0x0000000000013cb0                .accept
 .text.bind     0x0000000000013d50       0x48 c:/PSDK3v2/psl1ght/ppu/lib\librt.a(socket.o)
                0x0000000000013d50                .bind
 .text.connect  0x0000000000013d98       0x48 c:/PSDK3v2/psl1ght/ppu/lib\librt.a(socket.o)
                0x0000000000013d98                .connect
 .text.listen   0x0000000000013de0       0x48 c:/PSDK3v2/psl1ght/ppu/lib\librt.a(socket.o)
                0x0000000000013de0                .listen
 .text.socket   0x0000000000013e28       0x54 c:/PSDK3v2/psl1ght/ppu/lib\librt.a(socket.o)
                0x0000000000013e28                .socket
 *fill*         0x0000000000013e7c        0x4 60000000
 .text.send     0x0000000000013e80       0x50 c:/PSDK3v2/psl1ght/ppu/lib\librt.a(socket.o)
                0x0000000000013e80                .send
 .text.sendto   0x0000000000013ed0       0x48 c:/PSDK3v2/psl1ght/ppu/lib\librt.a(socket.o)
                0x0000000000013ed0                .sendto
 .text.recv     0x0000000000013f18       0x50 c:/PSDK3v2/psl1ght/ppu/lib\librt.a(socket.o)
                0x0000000000013f18                .recv
 .text.recvfrom
                0x0000000000013f68       0x98 c:/PSDK3v2/psl1ght/ppu/lib\librt.a(socket.o)
                0x0000000000013f68                .recvfrom
 .text.shutdown
                0x0000000000014000       0x48 c:/PSDK3v2/psl1ght/ppu/lib\librt.a(socket.o)
                0x0000000000014000                .shutdown
 .text.inet_aton
                0x0000000000014048       0xb8 c:/PSDK3v2/psl1ght/ppu/lib\librt.a(socket.o)
                0x0000000000014048                .inet_aton
 .text.inet_pton
                0x0000000000014100       0x54 c:/PSDK3v2/psl1ght/ppu/lib\librt.a(socket.o)
                0x0000000000014100                .inet_pton
 *fill*         0x0000000000014154        0x4 60000000
 .text.select   0x0000000000014158       0x3c c:/PSDK3v2/psl1ght/ppu/lib\librt.a(socket.o)
                0x0000000000014158                .select
 *fill*         0x0000000000014194        0x4 60000000
 .text.closesocket
                0x0000000000014198       0x48 c:/PSDK3v2/psl1ght/ppu/lib\librt.a(socket.o)
                0x0000000000014198                .closesocket
 .text          0x00000000000141e0        0x0 c:/PSDK3v2/psl1ght/ppu/lib\librt.a(lock.o)
 .text.__librt_sys_lwmutex_create_r
                0x00000000000141e0       0x38 c:/PSDK3v2/psl1ght/ppu/lib\librt.a(lock.o)
                0x00000000000141e0                .__librt_sys_lwmutex_create_r
 .text.__librt_sys_lwmutex_destroy_r
                0x0000000000014218       0x34 c:/PSDK3v2/psl1ght/ppu/lib\librt.a(lock.o)
                0x0000000000014218                .__librt_sys_lwmutex_destroy_r
 *fill*         0x000000000001424c        0x4 60000000
 .text.__librt_sys_lwmutex_lock_r
                0x0000000000014250       0x38 c:/PSDK3v2/psl1ght/ppu/lib\librt.a(lock.o)
                0x0000000000014250                .__librt_sys_lwmutex_lock_r
 .text.__librt_sys_lwmutex_trylock_r
                0x0000000000014288       0x34 c:/PSDK3v2/psl1ght/ppu/lib\librt.a(lock.o)
                0x0000000000014288                .__librt_sys_lwmutex_trylock_r
 *fill*         0x00000000000142bc        0x4 60000000
 .text.__librt_sys_lwmutex_unlock_r
                0x00000000000142c0       0x34 c:/PSDK3v2/psl1ght/ppu/lib\librt.a(lock.o)
                0x00000000000142c0                .__librt_sys_lwmutex_unlock_r
 .text          0x00000000000142f4        0x0 c:/PSDK3v2/psl1ght/ppu/lib\librt.a(dirent.o)
 *fill*         0x00000000000142f4        0x4 60000000
 .text.readdir_i
                0x00000000000142f8      0x10c c:/PSDK3v2/psl1ght/ppu/lib\librt.a(dirent.o)
 *fill*         0x0000000000014404        0x4 60000000
 .text.__librt_opendir_r
                0x0000000000014408      0x144 c:/PSDK3v2/psl1ght/ppu/lib\librt.a(dirent.o)
                0x0000000000014408                .__librt_opendir_r
 *fill*         0x000000000001454c        0x4 60000000
 .text.__librt_readdir_r
                0x0000000000014550       0x80 c:/PSDK3v2/psl1ght/ppu/lib\librt.a(dirent.o)
                0x0000000000014550                .__librt_readdir_r
 .text.__librt_readdir_r_r
                0x00000000000145d0       0x54 c:/PSDK3v2/psl1ght/ppu/lib\librt.a(dirent.o)
                0x00000000000145d0                .__librt_readdir_r_r
 *fill*         0x0000000000014624        0x4 60000000
 .text.__librt_closedir_r
                0x0000000000014628       0x84 c:/PSDK3v2/psl1ght/ppu/lib\librt.a(dirent.o)
                0x0000000000014628                .__librt_closedir_r
 *fill*         0x00000000000146ac        0x4 60000000
 .text.__librt_telldir_r
                0x00000000000146b0       0x24 c:/PSDK3v2/psl1ght/ppu/lib\librt.a(dirent.o)
                0x00000000000146b0                .__librt_telldir_r
 *fill*         0x00000000000146d4        0x4 60000000
 .text.__librt_rewinddir_r
                0x00000000000146d8       0x18 c:/PSDK3v2/psl1ght/ppu/lib\librt.a(dirent.o)
                0x00000000000146d8                .__librt_rewinddir_r
 .text.__librt_seekdir_r
                0x00000000000146f0       0x18 c:/PSDK3v2/psl1ght/ppu/lib\librt.a(dirent.o)
                0x00000000000146f0                .__librt_seekdir_r
 .text          0x0000000000014708        0x0 c:/PSDK3v2/psl1ght/ppu/lib\librt.a(mkdir.o)
 .text.__librt_mkdir_r
                0x0000000000014708       0x60 c:/PSDK3v2/psl1ght/ppu/lib\librt.a(mkdir.o)
                0x0000000000014708                .__librt_mkdir_r
 .text          0x0000000000014768        0x0 c:/PSDK3v2/psl1ght/ppu/lib\librt.a(times.o)
 .text.__librt_times_r
                0x0000000000014768       0x1c c:/PSDK3v2/psl1ght/ppu/lib\librt.a(times.o)
                0x0000000000014768                .__librt_times_r
 .text          0x0000000000014784        0x0 c:/PSDK3v2/psl1ght/ppu/lib\librt.a(umask.o)
 *fill*         0x0000000000014784        0x4 60000000
 .text.__librt_umask_r
                0x0000000000014788       0x20 c:/PSDK3v2/psl1ght/ppu/lib\librt.a(umask.o)
                0x0000000000014788                .__librt_umask_r
 .text          0x00000000000147a8        0x0 c:/PSDK3v2/psl1ght/ppu/lib\librt.a(lv2errno.o)
 .text.lv2error
                0x00000000000147a8      0x3dc c:/PSDK3v2/psl1ght/ppu/lib\librt.a(lv2errno.o)
                0x00000000000147a8                .lv2error
 *fill*         0x0000000000014b84        0x4 60000000
 .text.lv2errno
                0x0000000000014b88       0x68 c:/PSDK3v2/psl1ght/ppu/lib\librt.a(lv2errno.o)
                0x0000000000014b88                .lv2errno
 .text.lv2errno_r
                0x0000000000014bf0       0x58 c:/PSDK3v2/psl1ght/ppu/lib\librt.a(lv2errno.o)
                0x0000000000014bf0                .lv2errno_r
 .text          0x0000000000014c48        0x0 c:/PSDK3v2/psl1ght/ppu/lib\librt.a(heap.o)
 .text.heapInit
                0x0000000000014c48       0xe8 c:/PSDK3v2/psl1ght/ppu/lib\librt.a(heap.o)
                0x0000000000014c48                .heapInit
 .text.heapAllocate
                0x0000000000014d30      0x174 c:/PSDK3v2/psl1ght/ppu/lib\librt.a(heap.o)
                0x0000000000014d30                .heapAllocate
 *fill*         0x0000000000014ea4        0x4 60000000
 .text.heapAllocateAligned
                0x0000000000014ea8      0x224 c:/PSDK3v2/psl1ght/ppu/lib\librt.a(heap.o)
                0x0000000000014ea8                .heapAllocateAligned
 *fill*         0x00000000000150cc        0x4 60000000
 .text.heapFree
                0x00000000000150d0      0x224 c:/PSDK3v2/psl1ght/ppu/lib\librt.a(heap.o)
                0x00000000000150d0                .heapFree
 .text          0x00000000000152f4        0x0 c:/PSDK3v2/psl1ght/ppu/lib\librt.a(chmod.o)
 *fill*         0x00000000000152f4        0x4 60000000
 .text.__librt_chmod_r
                0x00000000000152f8       0x54 c:/PSDK3v2/psl1ght/ppu/lib\librt.a(chmod.o)
                0x00000000000152f8                .__librt_chmod_r
 .text          0x000000000001534c        0x0 c:/PSDK3v2/psl1ght/ppu/lib\librt.a(rmdir.o)
 *fill*         0x000000000001534c        0x4 60000000
 .text.__librt_rmdir_r
                0x0000000000015350       0x50 c:/PSDK3v2/psl1ght/ppu/lib\librt.a(rmdir.o)
                0x0000000000015350                .__librt_rmdir_r
 .text          0x00000000000153a0        0x0 c:/PSDK3v2/psl1ght/ppu/lib\librt.a(isatty.o)
 .text.__librt_isatty_r
                0x00000000000153a0       0x2c c:/PSDK3v2/psl1ght/ppu/lib\librt.a(isatty.o)
                0x00000000000153a0                .__librt_isatty_r
 .text          0x00000000000153cc        0x0 c:/PSDK3v2/psl1ght/ppu/lib\librt.a(gettod.o)
 *fill*         0x00000000000153cc        0x4 60000000
 .text.__librt_gettod_r
                0x00000000000153d0       0xb8 c:/PSDK3v2/psl1ght/ppu/lib\librt.a(gettod.o)
                0x00000000000153d0                .__librt_gettod_r
 .text          0x0000000000015488        0x0 c:/PSDK3v2/psl1ght/ppu/lib\librt.a(settod.o)
 .text.__librt_settod_r
                0x0000000000015488       0x58 c:/PSDK3v2/psl1ght/ppu/lib\librt.a(settod.o)
                0x0000000000015488                .__librt_settod_r
 .text          0x00000000000154e0        0x0 c:/psdk3v2/ps3dev/ppu/bin/../lib/gcc/powerpc64-ps3-elf/4.5.2/../../../../powerpc64-ps3-elf/lib\libsysbase.a(sbrk.o)
 .text._sbrk_r  0x00000000000154e0       0x78 c:/psdk3v2/ps3dev/ppu/bin/../lib/gcc/powerpc64-ps3-elf/4.5.2/../../../../powerpc64-ps3-elf/lib\libsysbase.a(sbrk.o)
                0x00000000000154e0                ._sbrk_r
 .text          0x0000000000015558        0x0 c:/psdk3v2/ps3dev/ppu/bin/../lib/gcc/powerpc64-ps3-elf/4.5.2/../../../../powerpc64-ps3-elf/lib\libsysbase.a(_exit.o)
 .text._exit    0x0000000000015558       0x48 c:/psdk3v2/ps3dev/ppu/bin/../lib/gcc/powerpc64-ps3-elf/4.5.2/../../../../powerpc64-ps3-elf/lib\libsysbase.a(_exit.o)
                0x0000000000015558                ._exit
 .text          0x00000000000155a0        0x0 c:/psdk3v2/ps3dev/ppu/bin/../lib/gcc/powerpc64-ps3-elf/4.5.2/../../../../powerpc64-ps3-elf/lib\libsysbase.a(lock.o)
 .text.sys_lwmutex_create
                0x00000000000155a0       0x94 c:/psdk3v2/ps3dev/ppu/bin/../lib/gcc/powerpc64-ps3-elf/4.5.2/../../../../powerpc64-ps3-elf/lib\libsysbase.a(lock.o)
                0x00000000000155a0                .sys_lwmutex_create
 *fill*         0x0000000000015634        0x4 60000000
 .text.sys_lwmutex_destroy
                0x0000000000015638       0x84 c:/psdk3v2/ps3dev/ppu/bin/../lib/gcc/powerpc64-ps3-elf/4.5.2/../../../../powerpc64-ps3-elf/lib\libsysbase.a(lock.o)
                0x0000000000015638                .sys_lwmutex_destroy
 *fill*         0x00000000000156bc        0x4 60000000
 .text.sys_lwmutex_lock
                0x00000000000156c0       0x94 c:/psdk3v2/ps3dev/ppu/bin/../lib/gcc/powerpc64-ps3-elf/4.5.2/../../../../powerpc64-ps3-elf/lib\libsysbase.a(lock.o)
                0x00000000000156c0                .sys_lwmutex_lock
 *fill*         0x0000000000015754        0x4 60000000
 .text.sys_lwmutex_trylock
                0x0000000000015758       0x84 c:/psdk3v2/ps3dev/ppu/bin/../lib/gcc/powerpc64-ps3-elf/4.5.2/../../../../powerpc64-ps3-elf/lib\libsysbase.a(lock.o)
                0x0000000000015758                .sys_lwmutex_trylock
 *fill*         0x00000000000157dc        0x4 60000000
 .text.sys_lwmutex_unlock
                0x00000000000157e0       0x84 c:/psdk3v2/ps3dev/ppu/bin/../lib/gcc/powerpc64-ps3-elf/4.5.2/../../../../powerpc64-ps3-elf/lib\libsysbase.a(lock.o)
                0x00000000000157e0                .sys_lwmutex_unlock
 .text          0x0000000000015864        0x0 c:/psdk3v2/ps3dev/ppu/bin/../lib/gcc/powerpc64-ps3-elf/4.5.2/../../../../powerpc64-ps3-elf/lib\libsysbase.a(getpid.o)
 *fill*         0x0000000000015864        0x4 60000000
 .text._getpid_r
                0x0000000000015868       0x6c c:/psdk3v2/ps3dev/ppu/bin/../lib/gcc/powerpc64-ps3-elf/4.5.2/../../../../powerpc64-ps3-elf/lib\libsysbase.a(getpid.o)
                0x0000000000015868                ._getpid_r
 .text          0x00000000000158d4        0x0 c:/psdk3v2/ps3dev/ppu/bin/../lib/gcc/powerpc64-ps3-elf/4.5.2/../../../../powerpc64-ps3-elf/lib\libsysbase.a(kill.o)
 *fill*         0x00000000000158d4        0x4 60000000
 .text._kill_r  0x00000000000158d8       0x1c c:/psdk3v2/ps3dev/ppu/bin/../lib/gcc/powerpc64-ps3-elf/4.5.2/../../../../powerpc64-ps3-elf/lib\libsysbase.a(kill.o)
                0x00000000000158d8                ._kill_r
 .text          0x00000000000158f4        0x0 c:/psdk3v2/ps3dev/ppu/bin/../lib/gcc/powerpc64-ps3-elf/4.5.2/../../../../powerpc64-ps3-elf/lib\libc.a(lib_a-errno.o)
 *fill*         0x00000000000158f4        0x4 60000000
 .text.__errno  0x00000000000158f8       0x30 c:/psdk3v2/ps3dev/ppu/bin/../lib/gcc/powerpc64-ps3-elf/4.5.2/../../../../powerpc64-ps3-elf/lib\libc.a(lib_a-errno.o)
                0x00000000000158f8                .__errno
 .text          0x0000000000015928        0x0 c:/psdk3v2/ps3dev/ppu/bin/../lib/gcc/powerpc64-ps3-elf/4.5.2/../../../../powerpc64-ps3-elf/lib\libc.a(lib_a-sscanf.o)
 .text.sscanf   0x0000000000015928       0xa8 c:/psdk3v2/ps3dev/ppu/bin/../lib/gcc/powerpc64-ps3-elf/4.5.2/../../../../powerpc64-ps3-elf/lib\libc.a(lib_a-sscanf.o)
                0x0000000000015928                .sscanf
 .text._sscanf_r
                0x00000000000159d0       0xa8 c:/psdk3v2/ps3dev/ppu/bin/../lib/gcc/powerpc64-ps3-elf/4.5.2/../../../../powerpc64-ps3-elf/lib\libc.a(lib_a-sscanf.o)
                0x00000000000159d0                ._sscanf_r
 .text          0x0000000000015a78        0x0 c:/psdk3v2/ps3dev/ppu/bin/../lib/gcc/powerpc64-ps3-elf/4.5.2/../../../../powerpc64-ps3-elf/lib\libc.a(lib_a-stdio.o)
 .text.__sread  0x0000000000015a78       0x80 c:/psdk3v2/ps3dev/ppu/bin/../lib/gcc/powerpc64-ps3-elf/4.5.2/../../../../powerpc64-ps3-elf/lib\libc.a(lib_a-stdio.o)
                0x0000000000015a78                .__sread
 .text.__seofread
                0x0000000000015af8       0x14 c:/psdk3v2/ps3dev/ppu/bin/../lib/gcc/powerpc64-ps3-elf/4.5.2/../../../../powerpc64-ps3-elf/lib\libc.a(lib_a-stdio.o)
                0x0000000000015af8                .__seofread
 *fill*         0x0000000000015b0c        0x4 60000000
 .text.__swrite
                0x0000000000015b10       0xbc c:/psdk3v2/ps3dev/ppu/bin/../lib/gcc/powerpc64-ps3-elf/4.5.2/../../../../powerpc64-ps3-elf/lib\libc.a(lib_a-stdio.o)
                0x0000000000015b10                .__swrite
 *fill*         0x0000000000015bcc        0x4 60000000
 .text.__sseek  0x0000000000015bd0       0x88 c:/psdk3v2/ps3dev/ppu/bin/../lib/gcc/powerpc64-ps3-elf/4.5.2/../../../../powerpc64-ps3-elf/lib\libc.a(lib_a-stdio.o)
                0x0000000000015bd0                .__sseek
 .text.__sclose
                0x0000000000015c58       0x3c c:/psdk3v2/ps3dev/ppu/bin/../lib/gcc/powerpc64-ps3-elf/4.5.2/../../../../powerpc64-ps3-elf/lib\libc.a(lib_a-stdio.o)
                0x0000000000015c58                .__sclose
 .text          0x0000000000015c94        0x0 c:/psdk3v2/ps3dev/ppu/bin/../lib/gcc/powerpc64-ps3-elf/4.5.2/../../../../powerpc64-ps3-elf/lib\libc.a(lib_a-strncpy.o)
 *fill*         0x0000000000015c94        0x4 60000000
 .text.strncpy  0x0000000000015c98      0x100 c:/psdk3v2/ps3dev/ppu/bin/../lib/gcc/powerpc64-ps3-elf/4.5.2/../../../../powerpc64-ps3-elf/lib\libc.a(lib_a-strncpy.o)
                0x0000000000015c98                .strncpy
 .text          0x0000000000015d98        0x0 c:/psdk3v2/ps3dev/ppu/bin/../lib/gcc/powerpc64-ps3-elf/4.5.2/../../../../powerpc64-ps3-elf/lib\libc.a(lib_a-svfscanf.o)
 .text.__ssvfscanf_r
                0x0000000000015d98     0x18d8 c:/psdk3v2/ps3dev/ppu/bin/../lib/gcc/powerpc64-ps3-elf/4.5.2/../../../../powerpc64-ps3-elf/lib\libc.a(lib_a-svfscanf.o)
                0x0000000000015d98                .__ssvfscanf_r
 .text          0x0000000000017670        0x0 c:/psdk3v2/ps3dev/ppu/bin/../lib/gcc/powerpc64-ps3-elf/4.5.2/../../../../powerpc64-ps3-elf/lib\libc.a(lib_a-ctype_.o)
 .text          0x0000000000017670        0x0 c:/psdk3v2/ps3dev/ppu/bin/../lib/gcc/powerpc64-ps3-elf/4.5.2/../../../../powerpc64-ps3-elf/lib\libc.a(lib_a-findfp.o)
 .text._cleanup_r
                0x0000000000017670       0x34 c:/psdk3v2/ps3dev/ppu/bin/../lib/gcc/powerpc64-ps3-elf/4.5.2/../../../../powerpc64-ps3-elf/lib\libc.a(lib_a-findfp.o)
                0x0000000000017670                ._cleanup_r
 *fill*         0x00000000000176a4        0x4 60000000
 .text.__fp_unlock
                0x00000000000176a8       0x48 c:/psdk3v2/ps3dev/ppu/bin/../lib/gcc/powerpc64-ps3-elf/4.5.2/../../../../powerpc64-ps3-elf/lib\libc.a(lib_a-findfp.o)
 .text.__fp_lock
                0x00000000000176f0       0x48 c:/psdk3v2/ps3dev/ppu/bin/../lib/gcc/powerpc64-ps3-elf/4.5.2/../../../../powerpc64-ps3-elf/lib\libc.a(lib_a-findfp.o)
 .text.__sfmoreglue
                0x0000000000017738       0x94 c:/psdk3v2/ps3dev/ppu/bin/../lib/gcc/powerpc64-ps3-elf/4.5.2/../../../../powerpc64-ps3-elf/lib\libc.a(lib_a-findfp.o)
                0x0000000000017738                .__sfmoreglue
 *fill*         0x00000000000177cc        0x4 60000000
 .text._cleanup
                0x00000000000177d0       0x18 c:/psdk3v2/ps3dev/ppu/bin/../lib/gcc/powerpc64-ps3-elf/4.5.2/../../../../powerpc64-ps3-elf/lib\libc.a(lib_a-findfp.o)
                0x00000000000177d0                ._cleanup
 .text.__sfp_lock_acquire
                0x00000000000177e8       0x34 c:/psdk3v2/ps3dev/ppu/bin/../lib/gcc/powerpc64-ps3-elf/4.5.2/../../../../powerpc64-ps3-elf/lib\libc.a(lib_a-findfp.o)
                0x00000000000177e8                .__sfp_lock_acquire
 *fill*         0x000000000001781c        0x4 60000000
 .text.__sfp_lock_release
                0x0000000000017820       0x34 c:/psdk3v2/ps3dev/ppu/bin/../lib/gcc/powerpc64-ps3-elf/4.5.2/../../../../powerpc64-ps3-elf/lib\libc.a(lib_a-findfp.o)
                0x0000000000017820                .__sfp_lock_release
 *fill*         0x0000000000017854        0x4 60000000
 .text.__sinit_lock_acquire
                0x0000000000017858       0x34 c:/psdk3v2/ps3dev/ppu/bin/../lib/gcc/powerpc64-ps3-elf/4.5.2/../../../../powerpc64-ps3-elf/lib\libc.a(lib_a-findfp.o)
                0x0000000000017858                .__sinit_lock_acquire
 *fill*         0x000000000001788c        0x4 60000000
 .text.__sinit_lock_release
                0x0000000000017890       0x34 c:/psdk3v2/ps3dev/ppu/bin/../lib/gcc/powerpc64-ps3-elf/4.5.2/../../../../powerpc64-ps3-elf/lib\libc.a(lib_a-findfp.o)
                0x0000000000017890                .__sinit_lock_release
 *fill*         0x00000000000178c4        0x4 60000000
 .text.__sinit  0x00000000000178c8      0x1d8 c:/psdk3v2/ps3dev/ppu/bin/../lib/gcc/powerpc64-ps3-elf/4.5.2/../../../../powerpc64-ps3-elf/lib\libc.a(lib_a-findfp.o)
                0x00000000000178c8                .__sinit
 .text.__sfp    0x0000000000017aa0      0x190 c:/psdk3v2/ps3dev/ppu/bin/../lib/gcc/powerpc64-ps3-elf/4.5.2/../../../../powerpc64-ps3-elf/lib\libc.a(lib_a-findfp.o)
                0x0000000000017aa0                .__sfp
 .text.__fp_lock_all
                0x0000000000017c30       0x40 c:/psdk3v2/ps3dev/ppu/bin/../lib/gcc/powerpc64-ps3-elf/4.5.2/../../../../powerpc64-ps3-elf/lib\libc.a(lib_a-findfp.o)
                0x0000000000017c30                .__fp_lock_all
 .text.__fp_unlock_all
                0x0000000000017c70       0x3c c:/psdk3v2/ps3dev/ppu/bin/../lib/gcc/powerpc64-ps3-elf/4.5.2/../../../../powerpc64-ps3-elf/lib\libc.a(lib_a-findfp.o)
                0x0000000000017c70                .__fp_unlock_all
 .text          0x0000000000017cac        0x0 c:/psdk3v2/ps3dev/ppu/bin/../lib/gcc/powerpc64-ps3-elf/4.5.2/../../../../powerpc64-ps3-elf/lib\libc.a(lib_a-fwalk.o)
 *fill*         0x0000000000017cac        0x4 60000000
 .text._fwalk   0x0000000000017cb0       0xfc c:/psdk3v2/ps3dev/ppu/bin/../lib/gcc/powerpc64-ps3-elf/4.5.2/../../../../powerpc64-ps3-elf/lib\libc.a(lib_a-fwalk.o)
                0x0000000000017cb0                ._fwalk
 *fill*         0x0000000000017dac        0x4 60000000
 .text._fwalk_reent
                0x0000000000017db0      0x108 c:/psdk3v2/ps3dev/ppu/bin/../lib/gcc/powerpc64-ps3-elf/4.5.2/../../../../powerpc64-ps3-elf/lib\libc.a(lib_a-fwalk.o)
                0x0000000000017db0                ._fwalk_reent
 .text          0x0000000000017eb8        0x0 c:/psdk3v2/ps3dev/ppu/bin/../lib/gcc/powerpc64-ps3-elf/4.5.2/../../../../powerpc64-ps3-elf/lib\libc.a(lib_a-iswspace.o)
 .text.iswspace
                0x0000000000017eb8       0x3c c:/psdk3v2/ps3dev/ppu/bin/../lib/gcc/powerpc64-ps3-elf/4.5.2/../../../../powerpc64-ps3-elf/lib\libc.a(lib_a-iswspace.o)
                0x0000000000017eb8                .iswspace
 .text          0x0000000000017ef4        0x0 c:/psdk3v2/ps3dev/ppu/bin/../lib/gcc/powerpc64-ps3-elf/4.5.2/../../../../powerpc64-ps3-elf/lib\libc.a(lib_a-locale.o)
 *fill*         0x0000000000017ef4        0x4 60000000
 .text._setlocale_r
                0x0000000000017ef8       0xa8 c:/psdk3v2/ps3dev/ppu/bin/../lib/gcc/powerpc64-ps3-elf/4.5.2/../../../../powerpc64-ps3-elf/lib\libc.a(lib_a-locale.o)
                0x0000000000017ef8                ._setlocale_r
 .text.__locale_charset
                0x0000000000017fa0       0x14 c:/psdk3v2/ps3dev/ppu/bin/../lib/gcc/powerpc64-ps3-elf/4.5.2/../../../../powerpc64-ps3-elf/lib\libc.a(lib_a-locale.o)
                0x0000000000017fa0                .__locale_charset
 *fill*         0x0000000000017fb4        0x4 60000000
 .text.__locale_mb_cur_max
                0x0000000000017fb8       0x1c c:/psdk3v2/ps3dev/ppu/bin/../lib/gcc/powerpc64-ps3-elf/4.5.2/../../../../powerpc64-ps3-elf/lib\libc.a(lib_a-locale.o)
                0x0000000000017fb8                .__locale_mb_cur_max
 *fill*         0x0000000000017fd4        0x4 60000000
 .text.__locale_msgcharset
                0x0000000000017fd8       0x14 c:/psdk3v2/ps3dev/ppu/bin/../lib/gcc/powerpc64-ps3-elf/4.5.2/../../../../powerpc64-ps3-elf/lib\libc.a(lib_a-locale.o)
                0x0000000000017fd8                .__locale_msgcharset
 *fill*         0x0000000000017fec        0x4 60000000
 .text.__locale_cjk_lang
                0x0000000000017ff0       0x14 c:/psdk3v2/ps3dev/ppu/bin/../lib/gcc/powerpc64-ps3-elf/4.5.2/../../../../powerpc64-ps3-elf/lib\libc.a(lib_a-locale.o)
                0x0000000000017ff0                .__locale_cjk_lang
 *fill*         0x0000000000018004        0x4 60000000
 .text._localeconv_r
                0x0000000000018008       0x14 c:/psdk3v2/ps3dev/ppu/bin/../lib/gcc/powerpc64-ps3-elf/4.5.2/../../../../powerpc64-ps3-elf/lib\libc.a(lib_a-locale.o)
                0x0000000000018008                ._localeconv_r
 *fill*         0x000000000001801c        0x4 60000000
 .text.setlocale
                0x0000000000018020       0x50 c:/psdk3v2/ps3dev/ppu/bin/../lib/gcc/powerpc64-ps3-elf/4.5.2/../../../../powerpc64-ps3-elf/lib\libc.a(lib_a-locale.o)
                0x0000000000018020                .setlocale
 .text.localeconv
                0x0000000000018070       0x34 c:/psdk3v2/ps3dev/ppu/bin/../lib/gcc/powerpc64-ps3-elf/4.5.2/../../../../powerpc64-ps3-elf/lib\libc.a(lib_a-locale.o)
                0x0000000000018070                .localeconv
 .text          0x00000000000180a4        0x0 c:/psdk3v2/ps3dev/ppu/bin/../lib/gcc/powerpc64-ps3-elf/4.5.2/../../../../powerpc64-ps3-elf/lib\libc.a(lib_a-mbrtowc.o)
 *fill*         0x00000000000180a4        0x4 60000000
 .text._mbrtowc_r
                0x00000000000180a8      0x10c c:/psdk3v2/ps3dev/ppu/bin/../lib/gcc/powerpc64-ps3-elf/4.5.2/../../../../powerpc64-ps3-elf/lib\libc.a(lib_a-mbrtowc.o)
                0x00000000000180a8                ._mbrtowc_r
 *fill*         0x00000000000181b4        0x4 60000000
 .text.mbrtowc  0x00000000000181b8      0x170 c:/psdk3v2/ps3dev/ppu/bin/../lib/gcc/powerpc64-ps3-elf/4.5.2/../../../../powerpc64-ps3-elf/lib\libc.a(lib_a-mbrtowc.o)
                0x00000000000181b8                .mbrtowc
 .text          0x0000000000018328        0x0 c:/psdk3v2/ps3dev/ppu/bin/../lib/gcc/powerpc64-ps3-elf/4.5.2/../../../../powerpc64-ps3-elf/lib\libc.a(lib_a-mbtowc_r.o)
 .text.__ascii_mbtowc
                0x0000000000018328       0x58 c:/psdk3v2/ps3dev/ppu/bin/../lib/gcc/powerpc64-ps3-elf/4.5.2/../../../../powerpc64-ps3-elf/lib\libc.a(lib_a-mbtowc_r.o)
                0x0000000000018328                .__ascii_mbtowc
 .text._mbtowc_r
                0x0000000000018380       0x98 c:/psdk3v2/ps3dev/ppu/bin/../lib/gcc/powerpc64-ps3-elf/4.5.2/../../../../powerpc64-ps3-elf/lib\libc.a(lib_a-mbtowc_r.o)
                0x0000000000018380                ._mbtowc_r
 .text          0x0000000000018418        0x0 c:/psdk3v2/ps3dev/ppu/bin/../lib/gcc/powerpc64-ps3-elf/4.5.2/../../../../powerpc64-ps3-elf/lib\libc.a(lib_a-s_fpclassify.o)
 .text.__fpclassifyd
                0x0000000000018418       0xc4 c:/psdk3v2/ps3dev/ppu/bin/../lib/gcc/powerpc64-ps3-elf/4.5.2/../../../../powerpc64-ps3-elf/lib\libc.a(lib_a-s_fpclassify.o)
                0x0000000000018418                .__fpclassifyd
 .text          0x00000000000184dc        0x0 c:/psdk3v2/ps3dev/ppu/bin/../lib/gcc/powerpc64-ps3-elf/4.5.2/../../../../powerpc64-ps3-elf/lib\libc.a(lib_a-sccl.o)
 *fill*         0x00000000000184dc        0x4 60000000
 .text.__sccl   0x00000000000184e0      0x120 c:/psdk3v2/ps3dev/ppu/bin/../lib/gcc/powerpc64-ps3-elf/4.5.2/../../../../powerpc64-ps3-elf/lib\libc.a(lib_a-sccl.o)
                0x00000000000184e0                .__sccl
 .text          0x0000000000018600        0x0 c:/psdk3v2/ps3dev/ppu/bin/../lib/gcc/powerpc64-ps3-elf/4.5.2/../../../../powerpc64-ps3-elf/lib\libc.a(lib_a-sf_nan.o)
 .text.nanf     0x0000000000018600       0x18 c:/psdk3v2/ps3dev/ppu/bin/../lib/gcc/powerpc64-ps3-elf/4.5.2/../../../../powerpc64-ps3-elf/lib\libc.a(lib_a-sf_nan.o)
                0x0000000000018600                .nanf
 .text          0x0000000000018618        0x0 c:/psdk3v2/ps3dev/ppu/bin/../lib/gcc/powerpc64-ps3-elf/4.5.2/../../../../powerpc64-ps3-elf/lib\libc.a(lib_a-sprintf.o)
 .text._sprintf_r
                0x0000000000018618       0x84 c:/psdk3v2/ps3dev/ppu/bin/../lib/gcc/powerpc64-ps3-elf/4.5.2/../../../../powerpc64-ps3-elf/lib\libc.a(lib_a-sprintf.o)
                0x0000000000018618                ._sprintf_r
 *fill*         0x000000000001869c        0x4 60000000
 .text.sprintf  0x00000000000186a0       0x9c c:/psdk3v2/ps3dev/ppu/bin/../lib/gcc/powerpc64-ps3-elf/4.5.2/../../../../powerpc64-ps3-elf/lib\libc.a(lib_a-sprintf.o)
                0x00000000000186a0                .sprintf
 .text          0x000000000001873c        0x0 c:/psdk3v2/ps3dev/ppu/bin/../lib/gcc/powerpc64-ps3-elf/4.5.2/../../../../powerpc64-ps3-elf/lib\libc.a(lib_a-strcmp.o)
 *fill*         0x000000000001873c        0x4 60000000
 .text.strcmp   0x0000000000018740       0xfc c:/psdk3v2/ps3dev/ppu/bin/../lib/gcc/powerpc64-ps3-elf/4.5.2/../../../../powerpc64-ps3-elf/lib\libc.a(lib_a-strcmp.o)
                0x0000000000018740                .strcmp
 .text          0x000000000001883c        0x0 c:/psdk3v2/ps3dev/ppu/bin/../lib/gcc/powerpc64-ps3-elf/4.5.2/../../../../powerpc64-ps3-elf/lib\libc.a(lib_a-strtod.o)
 *fill*         0x000000000001883c        0x4 60000000
 .text.match    0x0000000000018840       0x6c c:/psdk3v2/ps3dev/ppu/bin/../lib/gcc/powerpc64-ps3-elf/4.5.2/../../../../powerpc64-ps3-elf/lib\libc.a(lib_a-strtod.o)
 *fill*         0x00000000000188ac        0x4 60000000
 .text._strtod_r
                0x00000000000188b0     0x1578 c:/psdk3v2/ps3dev/ppu/bin/../lib/gcc/powerpc64-ps3-elf/4.5.2/../../../../powerpc64-ps3-elf/lib\libc.a(lib_a-strtod.o)
                0x00000000000188b0                ._strtod_r
 .text.strtod   0x0000000000019e28       0x50 c:/psdk3v2/ps3dev/ppu/bin/../lib/gcc/powerpc64-ps3-elf/4.5.2/../../../../powerpc64-ps3-elf/lib\libc.a(lib_a-strtod.o)
                0x0000000000019e28                .strtod
 .text.strtof   0x0000000000019e78       0x98 c:/psdk3v2/ps3dev/ppu/bin/../lib/gcc/powerpc64-ps3-elf/4.5.2/../../../../powerpc64-ps3-elf/lib\libc.a(lib_a-strtod.o)
                0x0000000000019e78                .strtof
 .text          0x0000000000019f10        0x0 c:/psdk3v2/ps3dev/ppu/bin/../lib/gcc/powerpc64-ps3-elf/4.5.2/../../../../powerpc64-ps3-elf/lib\libc.a(lib_a-strtol.o)
 .text._strtol_r
                0x0000000000019f10      0x24c c:/psdk3v2/ps3dev/ppu/bin/../lib/gcc/powerpc64-ps3-elf/4.5.2/../../../../powerpc64-ps3-elf/lib\libc.a(lib_a-strtol.o)
                0x0000000000019f10                ._strtol_r
 *fill*         0x000000000001a15c        0x4 60000000
 .text.strtol   0x000000000001a160       0x60 c:/psdk3v2/ps3dev/ppu/bin/../lib/gcc/powerpc64-ps3-elf/4.5.2/../../../../powerpc64-ps3-elf/lib\libc.a(lib_a-strtol.o)
                0x000000000001a160                .strtol
 .text          0x000000000001a1c0        0x0 c:/psdk3v2/ps3dev/ppu/bin/../lib/gcc/powerpc64-ps3-elf/4.5.2/../../../../powerpc64-ps3-elf/lib\libc.a(lib_a-strtoll_r.o)
 .text._strtoll_r
                0x000000000001a1c0      0x24c c:/psdk3v2/ps3dev/ppu/bin/../lib/gcc/powerpc64-ps3-elf/4.5.2/../../../../powerpc64-ps3-elf/lib\libc.a(lib_a-strtoll_r.o)
                0x000000000001a1c0                ._strtoll_r
 .text          0x000000000001a40c        0x0 c:/psdk3v2/ps3dev/ppu/bin/../lib/gcc/powerpc64-ps3-elf/4.5.2/../../../../powerpc64-ps3-elf/lib\libc.a(lib_a-strtoul.o)
 *fill*         0x000000000001a40c        0x4 60000000
 .text._strtoul_r
                0x000000000001a410      0x230 c:/psdk3v2/ps3dev/ppu/bin/../lib/gcc/powerpc64-ps3-elf/4.5.2/../../../../powerpc64-ps3-elf/lib\libc.a(lib_a-strtoul.o)
                0x000000000001a410                ._strtoul_r
 .text.strtoul  0x000000000001a640       0x60 c:/psdk3v2/ps3dev/ppu/bin/../lib/gcc/powerpc64-ps3-elf/4.5.2/../../../../powerpc64-ps3-elf/lib\libc.a(lib_a-strtoul.o)
                0x000000000001a640                .strtoul
 .text          0x000000000001a6a0        0x0 c:/psdk3v2/ps3dev/ppu/bin/../lib/gcc/powerpc64-ps3-elf/4.5.2/../../../../powerpc64-ps3-elf/lib\libc.a(lib_a-strtoull_r.o)
 .text._strtoull_r
                0x000000000001a6a0      0x230 c:/psdk3v2/ps3dev/ppu/bin/../lib/gcc/powerpc64-ps3-elf/4.5.2/../../../../powerpc64-ps3-elf/lib\libc.a(lib_a-strtoull_r.o)
                0x000000000001a6a0                ._strtoull_r
 .text          0x000000000001a8d0        0x0 c:/psdk3v2/ps3dev/ppu/bin/../lib/gcc/powerpc64-ps3-elf/4.5.2/../../../../powerpc64-ps3-elf/lib\libc.a(lib_a-svfiscanf.o)
 .text._sungetc_r
                0x000000000001a8d0      0x158 c:/psdk3v2/ps3dev/ppu/bin/../lib/gcc/powerpc64-ps3-elf/4.5.2/../../../../powerpc64-ps3-elf/lib\libc.a(lib_a-svfiscanf.o)
                0x000000000001a8d0                ._sungetc_r
 .text.__ssrefill_r
                0x000000000001aa28       0xa0 c:/psdk3v2/ps3dev/ppu/bin/../lib/gcc/powerpc64-ps3-elf/4.5.2/../../../../powerpc64-ps3-elf/lib\libc.a(lib_a-svfiscanf.o)
                0x000000000001aa28                .__ssrefill_r
 .text._sfread_r
                0x000000000001aac8      0x194 c:/psdk3v2/ps3dev/ppu/bin/../lib/gcc/powerpc64-ps3-elf/4.5.2/../../../../powerpc64-ps3-elf/lib\libc.a(lib_a-svfiscanf.o)
                0x000000000001aac8                ._sfread_r
 *fill*         0x000000000001ac5c        0x4 60000000
 .text.__ssvfiscanf_r
                0x000000000001ac60     0x1208 c:/psdk3v2/ps3dev/ppu/bin/../lib/gcc/powerpc64-ps3-elf/4.5.2/../../../../powerpc64-ps3-elf/lib\libc.a(lib_a-svfiscanf.o)
                0x000000000001ac60                .__ssvfiscanf_r
 .text          0x000000000001be68        0x0 c:/psdk3v2/ps3dev/ppu/bin/../lib/gcc/powerpc64-ps3-elf/4.5.2/../../../../powerpc64-ps3-elf/lib\libc.a(lib_a-svfprintf.o)
 .text._svfprintf_r
                0x000000000001be68     0x2120 c:/psdk3v2/ps3dev/ppu/bin/../lib/gcc/powerpc64-ps3-elf/4.5.2/../../../../powerpc64-ps3-elf/lib\libc.a(lib_a-svfprintf.o)
                0x000000000001be68                ._svfprintf_r
 .text          0x000000000001df88        0x0 c:/psdk3v2/ps3dev/ppu/bin/../lib/gcc/powerpc64-ps3-elf/4.5.2/../../../../powerpc64-ps3-elf/lib\libc.a(lib_a-ungetc.o)
 .text.__submore
                0x000000000001df88      0x124 c:/psdk3v2/ps3dev/ppu/bin/../lib/gcc/powerpc64-ps3-elf/4.5.2/../../../../powerpc64-ps3-elf/lib\libc.a(lib_a-ungetc.o)
                0x000000000001df88                .__submore
 *fill*         0x000000000001e0ac        0x4 60000000
 .text._ungetc_r
                0x000000000001e0b0      0x2b8 c:/psdk3v2/ps3dev/ppu/bin/../lib/gcc/powerpc64-ps3-elf/4.5.2/../../../../powerpc64-ps3-elf/lib\libc.a(lib_a-ungetc.o)
                0x000000000001e0b0                ._ungetc_r
 .text.ungetc   0x000000000001e368       0x50 c:/psdk3v2/ps3dev/ppu/bin/../lib/gcc/powerpc64-ps3-elf/4.5.2/../../../../powerpc64-ps3-elf/lib\libc.a(lib_a-ungetc.o)
                0x000000000001e368                .ungetc
 .text          0x000000000001e3b8        0x0 c:/psdk3v2/ps3dev/ppu/bin/../lib/gcc/powerpc64-ps3-elf/4.5.2/../../../../powerpc64-ps3-elf/lib\libc.a(lib_a-dtoa.o)
 .text.quorem   0x000000000001e3b8      0x258 c:/psdk3v2/ps3dev/ppu/bin/../lib/gcc/powerpc64-ps3-elf/4.5.2/../../../../powerpc64-ps3-elf/lib\libc.a(lib_a-dtoa.o)
 .text._dtoa_r  0x000000000001e610     0x1328 c:/psdk3v2/ps3dev/ppu/bin/../lib/gcc/powerpc64-ps3-elf/4.5.2/../../../../powerpc64-ps3-elf/lib\libc.a(lib_a-dtoa.o)
                0x000000000001e610                ._dtoa_r
 .text          0x000000000001f938        0x0 c:/psdk3v2/ps3dev/ppu/bin/../lib/gcc/powerpc64-ps3-elf/4.5.2/../../../../powerpc64-ps3-elf/lib\libc.a(lib_a-fclose.o)
 .text._fclose_r
                0x000000000001f938      0x1ec c:/psdk3v2/ps3dev/ppu/bin/../lib/gcc/powerpc64-ps3-elf/4.5.2/../../../../powerpc64-ps3-elf/lib\libc.a(lib_a-fclose.o)
                0x000000000001f938                ._fclose_r
 *fill*         0x000000000001fb24        0x4 60000000
 .text.fclose   0x000000000001fb28       0x40 c:/psdk3v2/ps3dev/ppu/bin/../lib/gcc/powerpc64-ps3-elf/4.5.2/../../../../powerpc64-ps3-elf/lib\libc.a(lib_a-fclose.o)
                0x000000000001fb28                .fclose
 .text          0x000000000001fb68        0x0 c:/psdk3v2/ps3dev/ppu/bin/../lib/gcc/powerpc64-ps3-elf/4.5.2/../../../../powerpc64-ps3-elf/lib\libc.a(lib_a-fflush.o)
 .text._fflush_r
                0x000000000001fb68      0x410 c:/psdk3v2/ps3dev/ppu/bin/../lib/gcc/powerpc64-ps3-elf/4.5.2/../../../../powerpc64-ps3-elf/lib\libc.a(lib_a-fflush.o)
                0x000000000001fb68                ._fflush_r
 .text.fflush   0x000000000001ff78       0x74 c:/psdk3v2/ps3dev/ppu/bin/../lib/gcc/powerpc64-ps3-elf/4.5.2/../../../../powerpc64-ps3-elf/lib\libc.a(lib_a-fflush.o)
                0x000000000001ff78                .fflush
 .text          0x000000000001ffec        0x0 c:/psdk3v2/ps3dev/ppu/bin/../lib/gcc/powerpc64-ps3-elf/4.5.2/../../../../powerpc64-ps3-elf/lib\libc.a(lib_a-gdtoa-gethex.o)
 *fill*         0x000000000001ffec        0x4 60000000
 .text.rshift   0x000000000001fff0      0x164 c:/psdk3v2/ps3dev/ppu/bin/../lib/gcc/powerpc64-ps3-elf/4.5.2/../../../../powerpc64-ps3-elf/lib\libc.a(lib_a-gdtoa-gethex.o)
 *fill*         0x0000000000020154        0x4 60000000
 .text.__hexdig_init
                0x0000000000020158       0x8c c:/psdk3v2/ps3dev/ppu/bin/../lib/gcc/powerpc64-ps3-elf/4.5.2/../../../../powerpc64-ps3-elf/lib\libc.a(lib_a-gdtoa-gethex.o)
                0x0000000000020158                .__hexdig_init
 *fill*         0x00000000000201e4        0x4 60000000
 .text.__gethex
                0x00000000000201e8      0x934 c:/psdk3v2/ps3dev/ppu/bin/../lib/gcc/powerpc64-ps3-elf/4.5.2/../../../../powerpc64-ps3-elf/lib\libc.a(lib_a-gdtoa-gethex.o)
                0x00000000000201e8                .__gethex
 .text          0x0000000000020b1c        0x0 c:/psdk3v2/ps3dev/ppu/bin/../lib/gcc/powerpc64-ps3-elf/4.5.2/../../../../powerpc64-ps3-elf/lib\libc.a(lib_a-gdtoa-hexnan.o)
 *fill*         0x0000000000020b1c        0x4 60000000
 .text.__hexnan
                0x0000000000020b20      0x324 c:/psdk3v2/ps3dev/ppu/bin/../lib/gcc/powerpc64-ps3-elf/4.5.2/../../../../powerpc64-ps3-elf/lib\libc.a(lib_a-gdtoa-hexnan.o)
                0x0000000000020b20                .__hexnan
 .text          0x0000000000020e44        0x0 c:/psdk3v2/ps3dev/ppu/bin/../lib/gcc/powerpc64-ps3-elf/4.5.2/../../../../powerpc64-ps3-elf/lib\libc.a(lib_a-memchr.o)
 *fill*         0x0000000000020e44        0x4 60000000
 .text.memchr   0x0000000000020e48      0x13c c:/psdk3v2/ps3dev/ppu/bin/../lib/gcc/powerpc64-ps3-elf/4.5.2/../../../../powerpc64-ps3-elf/lib\libc.a(lib_a-memchr.o)
                0x0000000000020e48                .memchr
 .text          0x0000000000020f84        0x0 c:/psdk3v2/ps3dev/ppu/bin/../lib/gcc/powerpc64-ps3-elf/4.5.2/../../../../powerpc64-ps3-elf/lib\libc.a(lib_a-memcpy.o)
 *fill*         0x0000000000020f84        0x4 60000000
 .text.memcpy   0x0000000000020f88       0xf8 c:/psdk3v2/ps3dev/ppu/bin/../lib/gcc/powerpc64-ps3-elf/4.5.2/../../../../powerpc64-ps3-elf/lib\libc.a(lib_a-memcpy.o)
                0x0000000000020f88                .memcpy
 .text          0x0000000000021080        0x0 c:/psdk3v2/ps3dev/ppu/bin/../lib/gcc/powerpc64-ps3-elf/4.5.2/../../../../powerpc64-ps3-elf/lib\libc.a(lib_a-mprec.o)
 .text._Balloc  0x0000000000021080       0xd4 c:/psdk3v2/ps3dev/ppu/bin/../lib/gcc/powerpc64-ps3-elf/4.5.2/../../../../powerpc64-ps3-elf/lib\libc.a(lib_a-mprec.o)
                0x0000000000021080                ._Balloc
 *fill*         0x0000000000021154        0x4 60000000
 .text._Bfree   0x0000000000021158       0x34 c:/psdk3v2/ps3dev/ppu/bin/../lib/gcc/powerpc64-ps3-elf/4.5.2/../../../../powerpc64-ps3-elf/lib\libc.a(lib_a-mprec.o)
                0x0000000000021158                ._Bfree
 *fill*         0x000000000002118c        0x4 60000000
 .text.__multadd
                0x0000000000021190      0x164 c:/psdk3v2/ps3dev/ppu/bin/../lib/gcc/powerpc64-ps3-elf/4.5.2/../../../../powerpc64-ps3-elf/lib\libc.a(lib_a-mprec.o)
                0x0000000000021190                .__multadd
 *fill*         0x00000000000212f4        0x4 60000000
 .text.__s2b    0x00000000000212f8      0x164 c:/psdk3v2/ps3dev/ppu/bin/../lib/gcc/powerpc64-ps3-elf/4.5.2/../../../../powerpc64-ps3-elf/lib\libc.a(lib_a-mprec.o)
                0x00000000000212f8                .__s2b
 *fill*         0x000000000002145c        0x4 60000000
 .text.__hi0bits
                0x0000000000021460       0x94 c:/psdk3v2/ps3dev/ppu/bin/../lib/gcc/powerpc64-ps3-elf/4.5.2/../../../../powerpc64-ps3-elf/lib\libc.a(lib_a-mprec.o)
                0x0000000000021460                .__hi0bits
 *fill*         0x00000000000214f4        0x4 60000000
 .text.__lo0bits
                0x00000000000214f8       0xec c:/psdk3v2/ps3dev/ppu/bin/../lib/gcc/powerpc64-ps3-elf/4.5.2/../../../../powerpc64-ps3-elf/lib\libc.a(lib_a-mprec.o)
                0x00000000000214f8                .__lo0bits
 *fill*         0x00000000000215e4        0x4 60000000
 .text.__i2b    0x00000000000215e8       0x48 c:/psdk3v2/ps3dev/ppu/bin/../lib/gcc/powerpc64-ps3-elf/4.5.2/../../../../powerpc64-ps3-elf/lib\libc.a(lib_a-mprec.o)
                0x00000000000215e8                .__i2b
 .text.__multiply
                0x0000000000021630      0x2a0 c:/psdk3v2/ps3dev/ppu/bin/../lib/gcc/powerpc64-ps3-elf/4.5.2/../../../../powerpc64-ps3-elf/lib\libc.a(lib_a-mprec.o)
                0x0000000000021630                .__multiply
 .text.__pow5mult
                0x00000000000218d0      0x15c c:/psdk3v2/ps3dev/ppu/bin/../lib/gcc/powerpc64-ps3-elf/4.5.2/../../../../powerpc64-ps3-elf/lib\libc.a(lib_a-mprec.o)
                0x00000000000218d0                .__pow5mult
 *fill*         0x0000000000021a2c        0x4 60000000
 .text.__lshift
                0x0000000000021a30      0x1c8 c:/psdk3v2/ps3dev/ppu/bin/../lib/gcc/powerpc64-ps3-elf/4.5.2/../../../../powerpc64-ps3-elf/lib\libc.a(lib_a-mprec.o)
                0x0000000000021a30                .__lshift
 .text.__mcmp   0x0000000000021bf8       0x84 c:/psdk3v2/ps3dev/ppu/bin/../lib/gcc/powerpc64-ps3-elf/4.5.2/../../../../powerpc64-ps3-elf/lib\libc.a(lib_a-mprec.o)
                0x0000000000021bf8                .__mcmp
 *fill*         0x0000000000021c7c        0x4 60000000
 .text.__mdiff  0x0000000000021c80      0x1fc c:/psdk3v2/ps3dev/ppu/bin/../lib/gcc/powerpc64-ps3-elf/4.5.2/../../../../powerpc64-ps3-elf/lib\libc.a(lib_a-mprec.o)
                0x0000000000021c80                .__mdiff
 *fill*         0x0000000000021e7c        0x4 60000000
 .text.__ulp    0x0000000000021e80       0xb8 c:/psdk3v2/ps3dev/ppu/bin/../lib/gcc/powerpc64-ps3-elf/4.5.2/../../../../powerpc64-ps3-elf/lib\libc.a(lib_a-mprec.o)
                0x0000000000021e80                .__ulp
 .text.__b2d    0x0000000000021f38      0x1c0 c:/psdk3v2/ps3dev/ppu/bin/../lib/gcc/powerpc64-ps3-elf/4.5.2/../../../../powerpc64-ps3-elf/lib\libc.a(lib_a-mprec.o)
                0x0000000000021f38                .__b2d
 .text.__d2b    0x00000000000220f8      0x1ac c:/psdk3v2/ps3dev/ppu/bin/../lib/gcc/powerpc64-ps3-elf/4.5.2/../../../../powerpc64-ps3-elf/lib\libc.a(lib_a-mprec.o)
                0x00000000000220f8                .__d2b
 *fill*         0x00000000000222a4        0x4 60000000
 .text.__ratio  0x00000000000222a8       0xf8 c:/psdk3v2/ps3dev/ppu/bin/../lib/gcc/powerpc64-ps3-elf/4.5.2/../../../../powerpc64-ps3-elf/lib\libc.a(lib_a-mprec.o)
                0x00000000000222a8                .__ratio
 .text._mprec_log10
                0x00000000000223a0       0x4c c:/psdk3v2/ps3dev/ppu/bin/../lib/gcc/powerpc64-ps3-elf/4.5.2/../../../../powerpc64-ps3-elf/lib\libc.a(lib_a-mprec.o)
                0x00000000000223a0                ._mprec_log10
 *fill*         0x00000000000223ec        0x4 60000000
 .text.__copybits
                0x00000000000223f0       0x98 c:/psdk3v2/ps3dev/ppu/bin/../lib/gcc/powerpc64-ps3-elf/4.5.2/../../../../powerpc64-ps3-elf/lib\libc.a(lib_a-mprec.o)
                0x00000000000223f0                .__copybits
 .text.__any_on
                0x0000000000022488       0xf4 c:/psdk3v2/ps3dev/ppu/bin/../lib/gcc/powerpc64-ps3-elf/4.5.2/../../../../powerpc64-ps3-elf/lib\libc.a(lib_a-mprec.o)
                0x0000000000022488                .__any_on
 .text          0x000000000002257c        0x0 c:/psdk3v2/ps3dev/ppu/bin/../lib/gcc/powerpc64-ps3-elf/4.5.2/../../../../powerpc64-ps3-elf/lib\libc.a(lib_a-reallocr.o)
 *fill*         0x000000000002257c        0x4 60000000
 .text._realloc_r
                0x0000000000022580      0x710 c:/psdk3v2/ps3dev/ppu/bin/../lib/gcc/powerpc64-ps3-elf/4.5.2/../../../../powerpc64-ps3-elf/lib\libc.a(lib_a-reallocr.o)
                0x0000000000022580                ._realloc_r
 .text          0x0000000000022c90        0x0 c:/psdk3v2/ps3dev/ppu/bin/../lib/gcc/powerpc64-ps3-elf/4.5.2/../../../../powerpc64-ps3-elf/lib\libc.a(lib_a-svfiprintf.o)
 .text.__ssprint_r
                0x0000000000022c90      0x300 c:/psdk3v2/ps3dev/ppu/bin/../lib/gcc/powerpc64-ps3-elf/4.5.2/../../../../powerpc64-ps3-elf/lib\libc.a(lib_a-svfiprintf.o)
                0x0000000000022c90                .__ssprint_r
 .text._svfiprintf_r
                0x0000000000022f90     0x1064 c:/psdk3v2/ps3dev/ppu/bin/../lib/gcc/powerpc64-ps3-elf/4.5.2/../../../../powerpc64-ps3-elf/lib\libc.a(lib_a-svfiprintf.o)
                0x0000000000022f90                ._svfiprintf_r
 .text          0x0000000000023ff4        0x0 c:/psdk3v2/ps3dev/ppu/bin/../lib/gcc/powerpc64-ps3-elf/4.5.2/../../../../powerpc64-ps3-elf/lib\libc.a(lib_a-callocr.o)
 *fill*         0x0000000000023ff4        0x4 60000000
 .text._calloc_r
                0x0000000000023ff8       0xe8 c:/psdk3v2/ps3dev/ppu/bin/../lib/gcc/powerpc64-ps3-elf/4.5.2/../../../../powerpc64-ps3-elf/lib\libc.a(lib_a-callocr.o)
                0x0000000000023ff8                ._calloc_r
 .text          0x00000000000240e0        0x0 c:/psdk3v2/ps3dev/ppu/bin/../lib/gcc/powerpc64-ps3-elf/4.5.2/../../../../powerpc64-ps3-elf/lib\libc.a(lib_a-memmove.o)
 .text.memmove  0x00000000000240e0      0x130 c:/psdk3v2/ps3dev/ppu/bin/../lib/gcc/powerpc64-ps3-elf/4.5.2/../../../../powerpc64-ps3-elf/lib\libc.a(lib_a-memmove.o)
                0x00000000000240e0                .memmove
 .text          0x0000000000024210        0x0 c:/psdk3v2/ps3dev/ppu/bin/../lib/gcc/powerpc64-ps3-elf/4.5.2/../../../../powerpc64-ps3-elf/lib\libsysbase.a(close.o)
 .text._close_r
                0x0000000000024210       0x6c c:/psdk3v2/ps3dev/ppu/bin/../lib/gcc/powerpc64-ps3-elf/4.5.2/../../../../powerpc64-ps3-elf/lib\libsysbase.a(close.o)
                0x0000000000024210                ._close_r
 .text          0x000000000002427c        0x0 c:/psdk3v2/ps3dev/ppu/bin/../lib/gcc/powerpc64-ps3-elf/4.5.2/../../../../powerpc64-ps3-elf/lib\libsysbase.a(lseek.o)
 *fill*         0x000000000002427c        0x4 60000000
 .text._lseek_r
                0x0000000000024280       0x6c c:/psdk3v2/ps3dev/ppu/bin/../lib/gcc/powerpc64-ps3-elf/4.5.2/../../../../powerpc64-ps3-elf/lib\libsysbase.a(lseek.o)
                0x0000000000024280                ._lseek_r
 .text          0x00000000000242ec        0x0 c:/psdk3v2/ps3dev/ppu/bin/../lib/gcc/powerpc64-ps3-elf/4.5.2/../../../../powerpc64-ps3-elf/lib\libsysbase.a(read.o)
 *fill*         0x00000000000242ec        0x4 60000000
 .text._read_r  0x00000000000242f0       0x6c c:/psdk3v2/ps3dev/ppu/bin/../lib/gcc/powerpc64-ps3-elf/4.5.2/../../../../powerpc64-ps3-elf/lib\libsysbase.a(read.o)
                0x00000000000242f0                ._read_r
 .text          0x000000000002435c        0x0 c:/psdk3v2/ps3dev/ppu/bin/../lib/gcc/powerpc64-ps3-elf/4.5.2/../../../../powerpc64-ps3-elf/lib\libsysbase.a(write.o)
 *fill*         0x000000000002435c        0x4 60000000
 .text._write_r
                0x0000000000024360       0x6c c:/psdk3v2/ps3dev/ppu/bin/../lib/gcc/powerpc64-ps3-elf/4.5.2/../../../../powerpc64-ps3-elf/lib\libsysbase.a(write.o)
                0x0000000000024360                ._write_r
 .text          0x00000000000243cc        0x0 c:/psdk3v2/ps3dev/ppu/bin/../lib/gcc/powerpc64-ps3-elf/4.5.2/crtend.o
 *fill*         0x00000000000243cc        0x4 60000000
 .text.__do_global_ctors_aux
                0x00000000000243d0       0x64 c:/psdk3v2/ps3dev/ppu/bin/../lib/gcc/powerpc64-ps3-elf/4.5.2/crtend.o
 .text          0x0000000000024434        0x0 c:/psdk3v2/ps3dev/ppu/bin/../lib/gcc/powerpc64-ps3-elf/4.5.2/../../../../powerpc64-ps3-elf/lib/lv2-crtn.o
 *(.text.*personality*)
 *(.gnu.warning)
 *(.sfpr .glink)
 .sfpr          0x0000000000000000        0x0 linker stubs
 *fill*         0x0000000000024434        0x0 60000000
 .glink         0x0000000000000000        0x0 linker stubs

.fini           0x0000000000024434       0x2c
 *(.fini)
 .fini          0x0000000000024434        0xc c:/psdk3v2/ps3dev/ppu/bin/../lib/gcc/powerpc64-ps3-elf/4.5.2/../../../../powerpc64-ps3-elf/lib/lv2-crti.o
                0x0000000000024434                ._fini
 .fini          0x0000000000024440        0x8 c:/psdk3v2/ps3dev/ppu/bin/../lib/gcc/powerpc64-ps3-elf/4.5.2/crtbegin.o
 .fini          0x0000000000024448        0x8 c:/PSDK3v2/psl1ght/ppu/lib\librt.a(sbrk.o)
 .fini          0x0000000000024450       0x10 c:/psdk3v2/ps3dev/ppu/bin/../lib/gcc/powerpc64-ps3-elf/4.5.2/../../../../powerpc64-ps3-elf/lib/lv2-crtn.o

.sceStub.text   0x0000000000024460     0x1e00
 *(.sceStub.text)
 .sceStub.text  0x0000000000024460     0x1e00 c:/PSDK3v2/psl1ght/ppu/lib\liblv2.a(sprx.o)
                0x0000000000024460                __sysGetSystemTime
                0x00000000000244a0                __sysGetSystemSwVersion
                0x00000000000244e0                __sysGetTemperature
                0x0000000000024520                __sysGetRandomNumber
                0x0000000000024560                __sysGetRtcStatus
                0x00000000000245a0                __sysBoardStorageRead
                0x00000000000245e0                __sysBoardStorageWrite
                0x0000000000024620                __sysProcessIsStack
                0x0000000000024660                .sysProcessExit
                0x0000000000024660                __sysProcessExit
                0x00000000000246a0                __sysProcessExitspawn
                0x00000000000246e0                __sysProcessExitSpawn2Ex
                0x00000000000246e0                .sysProcessExitSpawn2Ex
                0x0000000000024720                __sysProcessExitSpawnWithLevel
                0x0000000000024760                __sysProcessAtExitSpawn
                0x00000000000247a0                __sysProcess_At_ExitSpawn
                0x00000000000247e0                ___sys_process_atexitspawn
                0x0000000000024820                __sysPrxRegisterLibrary
                0x0000000000024860                __sysPrxUnregisterLibrary
                0x00000000000248a0                __sysPrxStartModule
                0x00000000000248e0                __sysPrxStopModule
                0x0000000000024920                __sysPrxLoadModule
                0x0000000000024960                __sysPrxLoadModuleByFd
                0x00000000000249a0                __sysPrxLoadModuleList
                0x00000000000249e0                __sysPrxLoadModuleListOnMemcontainer
                0x0000000000024a20                __sysPrxLoadModuleOnMemcontainer
                0x0000000000024a60                __sysPrxLoadModuleOnMemcontainerByFd
                0x0000000000024aa0                __sysPrxGetModuleInfo
                0x0000000000024ae0                __sysPrxGetModuleList
                0x0000000000024b20                __sysPrxGetModuleId
                0x0000000000024b60                __sysPrxGetModuleIdByAddress
                0x0000000000024ba0                __sysPrxGetModuleIdByName
                0x0000000000024be0                __sysPrxUnloadModule
                0x0000000000024c20                __sysPrxExitSpawnWithLevel
                0x0000000000024c60                __sysThreadCreateEx
                0x0000000000024ca0                __sysThreadExit
                0x0000000000024ce0                __sysThreadGetId
                0x0000000000024d20                __sysThreadOnce
                0x0000000000024d60                __sysThreadInitialzeTLS
                0x0000000000024da0                __sysThreadRegisterAtexit
                0x0000000000024de0                __sysThreadUnregisterAtexit
                0x0000000000024e20                __sysInterruptThreadDisestablish
                0x0000000000024e60                .sysLwMutexCreate
                0x0000000000024e60                __sysLwMutexCreate
                0x0000000000024ea0                .sysLwMutexDestroy
                0x0000000000024ea0                __sysLwMutexDestroy
                0x0000000000024ee0                .sysLwMutexLock
                0x0000000000024ee0                __sysLwMutexLock
                0x0000000000024f20                __sysLwMutexTryLock
                0x0000000000024f20                .sysLwMutexTryLock
                0x0000000000024f60                __sysLwMutexUnlock
                0x0000000000024f60                .sysLwMutexUnlock
                0x0000000000024fa0                __sysLwCondCreate
                0x0000000000024fe0                __sysLwCondWait
                0x0000000000025020                __sysLwCondSignal
                0x0000000000025060                __sysLwCondSignalTo
                0x00000000000250a0                __sysLwCondSignalAll
                0x00000000000250e0                __sysLwCondDestroy
                0x0000000000025120                __sysSpinlockInitialize
                0x0000000000025120                .sysSpinlockInitialize
                0x0000000000025160                .sysSpinlockLock
                0x0000000000025160                __sysSpinlockLock
                0x00000000000251a0                __sysSpinlockTryLock
                0x00000000000251e0                .sysSpinlockUnlock
                0x00000000000251e0                __sysSpinlockUnlock
                0x0000000000025220                __sysWatchdogClear
                0x0000000000025260                __sysWatchdogStart
                0x00000000000252a0                __sysWatchdogStop
                0x00000000000252e0                __sysMalloc
                0x0000000000025320                __sysMemalign
                0x0000000000025360                __sysMemchr
                0x00000000000253a0                __sysMemcmp
                0x00000000000253e0                __sysMemcpy
                0x0000000000025420                __sysMemmove
                0x0000000000025460                __sysMemset
                0x00000000000254a0                __sysFree
                0x00000000000254e0                __sysHeapAllocHeapMemory
                0x0000000000025520                __sysHeapCreateHeap
                0x0000000000025560                __sysHeapDeleteHeap
                0x00000000000255a0                __sysHeapFree
                0x00000000000255e0                __sysHeapGetMallInfo
                0x0000000000025620                __sysHeapGetTotalFreeSize
                0x0000000000025660                __sysHeapMalloc
                0x00000000000256a0                __sysHeapMemalign
                0x00000000000256e0                __sysHeapStats
                0x0000000000025720                __sysQsort
                0x0000000000025760                __sysMempoolCreate
                0x00000000000257a0                __sysMempoolDestroy
                0x00000000000257e0                __sysMempoolGetCount
                0x0000000000025820                __sysMempoolAllocateBlock
                0x0000000000025860                __sysMempoolTryAllocateBlock
                0x00000000000258a0                __sysMempoolFreeBlock
                0x00000000000258e0                .sysMMapperFreeMemory
                0x00000000000258e0                __sysMMapperFreeMemory
                0x0000000000025920                __sysMMapperMapMemory
                0x0000000000025960                .sysMMapperUnmapMemory
                0x0000000000025960                __sysMMapperUnmapMemory
                0x00000000000259a0                .sysMMapperAllocateMemory
                0x00000000000259a0                __sysMMapperAllocateMemory
                0x00000000000259e0                __sysMMapperAllocateMemoryFromContainer
                0x0000000000025a20                __sysStrlen
                0x0000000000025a60                __sysStrcpy
                0x0000000000025aa0                __sysStrncpy
                0x0000000000025ae0                __sysStrcat
                0x0000000000025b20                __sysStrncat
                0x0000000000025b60                __sysStrchr
                0x0000000000025ba0                __sysStrrchr
                0x0000000000025be0                __sysStrcmp
                0x0000000000025c20                __sysStrncmp
                0x0000000000025c60                __sysStrncasecmp
                0x0000000000025ca0                __sysToLower
                0x0000000000025ce0                __sysToUpper
                0x0000000000025d20                __sysSpuElfGetSegments
                0x0000000000025d60                __sysSpuElfGetInformation
                0x0000000000025da0                __sysSpuRawLoad
                0x0000000000025de0                __sysSpuRawImageLoad
                0x0000000000025e20                __sysSpuImageClose
                0x0000000000025e60                __sysSpuImageImport
                0x0000000000025ea0                __sysSpuPrintfAttachGroup
                0x0000000000025ee0                __sysSpuPrintfAttachThread
                0x0000000000025f20                __sysSpuPrintfDetachGroup
                0x0000000000025f60                __sysSpuPrintfDetach_Tread
                0x0000000000025fa0                __sysSpuPrintfFinalize
                0x0000000000025fe0                __sysSpuPrintfInitialize
                0x0000000000026020                __sysConsoleGetc
                0x0000000000026060                __sysConsolePutc
                0x00000000000260a0                __sysConsoleWrite
                0x00000000000260e0                __sysPrintf
                0x0000000000026120                __sysSprintf
                0x0000000000026160                __sysSnprintf
                0x00000000000261a0                __sysVprintf
                0x00000000000261e0                __sysVsprintf
                0x0000000000026220                __sysVsnprintf
 *(SORT(.sceStub.text.*))
                0x0000000000026260                PROVIDE (__etext, .)
                0x0000000000026260                PROVIDE (_etext, .)
                0x0000000000026260                PROVIDE (etext, .)

.eh_frame_hdr   0x0000000000026260        0x0
 *(.eh_frame_hdr)
 .eh_frame_hdr  0x0000000000000000        0x0 c:/psdk3v2/ps3dev/ppu/bin/../lib/gcc/powerpc64-ps3-elf/4.5.2/../../../../powerpc64-ps3-elf/lib/lv2-crtn.o

.eh_frame       0x0000000000026260        0x4
 *(.eh_frame)
 .eh_frame      0x0000000000026260        0x0 c:/psdk3v2/ps3dev/ppu/bin/../lib/gcc/powerpc64-ps3-elf/4.5.2/crtbegin.o
 .eh_frame      0x0000000000026260        0x4 c:/psdk3v2/ps3dev/ppu/bin/../lib/gcc/powerpc64-ps3-elf/4.5.2/crtend.o

.gcc_except_table
 *(.gcc_except_table .gcc_except_table.*)

.rodata.sceResident
                0x0000000000026264       0x12
 *(.rodata.sceResident)
 .rodata.sceResident
                0x0000000000026264       0x12 c:/PSDK3v2/psl1ght/ppu/lib\liblv2.a(sprx.o)

.rodata.sceFNID
                0x0000000000026278      0x1e0
 *(.rodata.sceFNID .rodata.sceFNID.*)
 .rodata.sceFNID
                0x0000000000026278      0x1e0 c:/PSDK3v2/psl1ght/ppu/lib\liblv2.a(sprx.o)
                0x0000000000026278                sysPrxForUser
                0x0000000000026278                sysGetSystemTime_fnid
                0x000000000002627c                sysGetSystemSwVersion_fnid
                0x0000000000026280                sysGetTemperature_fnid
                0x0000000000026284                sysGetRandomNumber_fnid
                0x0000000000026288                sysGetRtcStatus_fnid
                0x000000000002628c                sysBoardStorageRead_fnid
                0x0000000000026290                sysBoardStorageWrite_fnid
                0x0000000000026294                sysProcessIsStack_fnid
                0x0000000000026298                sysProcessExit_fnid
                0x000000000002629c                sysProcessExitspawn_fnid
                0x00000000000262a0                sysProcessExitSpawn2Ex_fnid
                0x00000000000262a4                sysProcessExitSpawnWithLevel_fnid
                0x00000000000262a8                sysProcessAtExitSpawn_fnid
                0x00000000000262ac                sysProcess_At_ExitSpawn_fnid
                0x00000000000262b0                _sys_process_atexitspawn_fnid
                0x00000000000262b4                sysPrxRegisterLibrary_fnid
                0x00000000000262b8                sysPrxUnregisterLibrary_fnid
                0x00000000000262bc                sysPrxStartModule_fnid
                0x00000000000262c0                sysPrxStopModule_fnid
                0x00000000000262c4                sysPrxLoadModule_fnid
                0x00000000000262c8                sysPrxLoadModuleByFd_fnid
                0x00000000000262cc                sysPrxLoadModuleList_fnid
                0x00000000000262d0                sysPrxLoadModuleListOnMemcontainer_fnid
                0x00000000000262d4                sysPrxLoadModuleOnMemcontainer_fnid
                0x00000000000262d8                sysPrxLoadModuleOnMemcontainerByFd_fnid
                0x00000000000262dc                sysPrxGetModuleInfo_fnid
                0x00000000000262e0                sysPrxGetModuleList_fnid
                0x00000000000262e4                sysPrxGetModuleId_fnid
                0x00000000000262e8                sysPrxGetModuleIdByAddress_fnid
                0x00000000000262ec                sysPrxGetModuleIdByName_fnid
                0x00000000000262f0                sysPrxUnloadModule_fnid
                0x00000000000262f4                sysPrxExitSpawnWithLevel_fnid
                0x00000000000262f8                sysThreadCreateEx_fnid
                0x00000000000262fc                sysThreadExit_fnid
                0x0000000000026300                sysThreadGetId_fnid
                0x0000000000026304                sysThreadOnce_fnid
                0x0000000000026308                sysThreadInitialzeTLS_fnid
                0x000000000002630c                sysThreadRegisterAtexit_fnid
                0x0000000000026310                sysThreadUnregisterAtexit_fnid
                0x0000000000026314                sysInterruptThreadDisestablish_fnid
                0x0000000000026318                sysLwMutexCreate_fnid
                0x000000000002631c                sysLwMutexDestroy_fnid
                0x0000000000026320                sysLwMutexLock_fnid
                0x0000000000026324                sysLwMutexTryLock_fnid
                0x0000000000026328                sysLwMutexUnlock_fnid
                0x000000000002632c                sysLwCondCreate_fnid
                0x0000000000026330                sysLwCondWait_fnid
                0x0000000000026334                sysLwCondSignal_fnid
                0x0000000000026338                sysLwCondSignalTo_fnid
                0x000000000002633c                sysLwCondSignalAll_fnid
                0x0000000000026340                sysLwCondDestroy_fnid
                0x0000000000026344                sysSpinlockInitialize_fnid
                0x0000000000026348                sysSpinlockLock_fnid
                0x000000000002634c                sysSpinlockTryLock_fnid
                0x0000000000026350                sysSpinlockUnlock_fnid
                0x0000000000026354                sysWatchdogClear_fnid
                0x0000000000026358                sysWatchdogStart_fnid
                0x000000000002635c                sysWatchdogStop_fnid
                0x0000000000026360                sysMalloc_fnid
                0x0000000000026364                sysMemalign_fnid
                0x0000000000026368                sysMemchr_fnid
                0x000000000002636c                sysMemcmp_fnid
                0x0000000000026370                sysMemcpy_fnid
                0x0000000000026374                sysMemmove_fnid
                0x0000000000026378                sysMemset_fnid
                0x000000000002637c                sysFree_fnid
                0x0000000000026380                sysHeapAllocHeapMemory_fnid
                0x0000000000026384                sysHeapCreateHeap_fnid
                0x0000000000026388                sysHeapDeleteHeap_fnid
                0x000000000002638c                sysHeapFree_fnid
                0x0000000000026390                sysHeapGetMallInfo_fnid
                0x0000000000026394                sysHeapGetTotalFreeSize_fnid
                0x0000000000026398                sysHeapMalloc_fnid
                0x000000000002639c                sysHeapMemalign_fnid
                0x00000000000263a0                sysHeapStats_fnid
                0x00000000000263a4                sysQsort_fnid
                0x00000000000263a8                sysMempoolCreate_fnid
                0x00000000000263ac                sysMempoolDestroy_fnid
                0x00000000000263b0                sysMempoolGetCount_fnid
                0x00000000000263b4                sysMempoolAllocateBlock_fnid
                0x00000000000263b8                sysMempoolTryAllocateBlock_fnid
                0x00000000000263bc                sysMempoolFreeBlock_fnid
                0x00000000000263c0                sysMMapperFreeMemory_fnid
                0x00000000000263c4                sysMMapperMapMemory_fnid
                0x00000000000263c8                sysMMapperUnmapMemory_fnid
                0x00000000000263cc                sysMMapperAllocateMemory_fnid
                0x00000000000263d0                sysMMapperAllocateMemoryFromContainer_fnid
                0x00000000000263d4                sysStrlen_fnid
                0x00000000000263d8                sysStrcpy_fnid
                0x00000000000263dc                sysStrncpy_fnid
                0x00000000000263e0                sysStrcat_fnid
                0x00000000000263e4                sysStrncat_fnid
                0x00000000000263e8                sysStrchr_fnid
                0x00000000000263ec                sysStrrchr_fnid
                0x00000000000263f0                sysStrcmp_fnid
                0x00000000000263f4                sysStrncmp_fnid
                0x00000000000263f8                sysStrncasecmp_fnid
                0x00000000000263fc                sysToLower_fnid
                0x0000000000026400                sysToUpper_fnid
                0x0000000000026404                sysSpuElfGetSegments_fnid
                0x0000000000026408                sysSpuElfGetInformation_fnid
                0x000000000002640c                sysSpuRawLoad_fnid
                0x0000000000026410                sysSpuRawImageLoad_fnid
                0x0000000000026414                sysSpuImageClose_fnid
                0x0000000000026418                sysSpuImageImport_fnid
                0x000000000002641c                sysSpuPrintfAttachGroup_fnid
                0x0000000000026420                sysSpuPrintfAttachThread_fnid
                0x0000000000026424                sysSpuPrintfDetachGroup_fnid
                0x0000000000026428                sysSpuPrintfDetach_Tread_fnid
                0x000000000002642c                sysSpuPrintfFinalize_fnid
                0x0000000000026430                sysSpuPrintfInitialize_fnid
                0x0000000000026434                sysConsoleGetc_fnid
                0x0000000000026438                sysConsolePutc_fnid
                0x000000000002643c                sysConsoleWrite_fnid
                0x0000000000026440                sysPrintf_fnid
                0x0000000000026444                sysSprintf_fnid
                0x0000000000026448                sysSnprintf_fnid
                0x000000000002644c                sysVprintf_fnid
                0x0000000000026450                sysVsprintf_fnid
                0x0000000000026454                sysVsnprintf_fnid

.rodata.sceVNID
 *(.rodata.sceVNID .rodata.sceVNID.*)

.rodata.sceTNID
 *(.rodata.sceTNID .rodata.sceTNID.*)

.rodata.sceVStub
 *(.rodata.sceVStub)
 *(SORT(.rodata.sceVStub.*))
                0x0000000000026458                PROVIDE (__libentstart, .)

.lib.ent.top
 *(.lib.ent.top)

.lib.ent        0x0000000000026458        0x0
 *(.lib.ent)
 .lib.ent       0x0000000000026458        0x0 c:/psdk3v2/ps3dev/ppu/bin/../lib/gcc/powerpc64-ps3-elf/4.5.2/../../../../powerpc64-ps3-elf/lib/lv2-sprx.o

.lib.ent.btm
 *(.lib.ent.btm)
                0x0000000000026458                PROVIDE (__libentend, .)
                0x0000000000026458                PROVIDE (__libstubstart, .)

.lib.stub.top
 *(.lib.stub.top)

.lib.stub       0x0000000000026458       0x2c
 *(.lib.stub)
 .lib.stub      0x0000000000026458        0x0 c:/psdk3v2/ps3dev/ppu/bin/../lib/gcc/powerpc64-ps3-elf/4.5.2/../../../../powerpc64-ps3-elf/lib/lv2-sprx.o
 .lib.stub      0x0000000000026458       0x2c c:/PSDK3v2/psl1ght/ppu/lib\liblv2.a(sprx.o)

.lib.stub.btm
 *(.lib.stub.btm)
                0x0000000000026484                PROVIDE (__libstubend, .)

.ppu_rodata
 *(.ppu_rodata .ppu_rodata.*)

.sys_proc_param
 *(.sys_proc_param)

.sys_proc_prx_param
                0x0000000000026484       0x28
 *(.sys_proc_prx_param)
 .sys_proc_prx_param
                0x0000000000026484       0x28 c:/psdk3v2/ps3dev/ppu/bin/../lib/gcc/powerpc64-ps3-elf/4.5.2/../../../../powerpc64-ps3-elf/lib/lv2-sprx.o
                0x0000000000030000                . = ALIGN (0x10000)

.ppu_data
 *(.ppu_data .ppu_data.*)

.sdata2
 *(.sdata2 .sdata2.* .gnu.linkonce.s2.*)

.sbss2
 *(.sbss2 .sbss2.* .gnu.linkonce.sb2.*)

.eh_frame
 *(.eh_frame)

.gcc_except_table
 *(.gcc_except_table .gcc_except_table.*)
                0x0000000000030000                . = ALIGN (0x8)

.preinit_array  0x0000000000030000        0x0
                0x0000000000030000                PROVIDE (__preinit_array_start, .)
 *(.preinit_array)
                0x0000000000030000                PROVIDE (__preinit_array_end, .)

.init_array     0x0000000000030000        0x0
                0x0000000000030000                PROVIDE (__init_array_start, .)
 *(SORT(.init_array.*))
 *(.init_array)
                0x0000000000030000                PROVIDE (__init_array_end, .)

.fini_array     0x0000000000030000        0x0
                0x0000000000030000                PROVIDE (__fini_array_start, .)
 *(.fini_array)
 *(SORT(.fini_array.*))
                0x0000000000030000                PROVIDE (__fini_array_end, .)

.ctors          0x0000000000030000       0x28
 *crtbegin.o(.ctors)
 .ctors         0x0000000000030000        0x8 c:/psdk3v2/ps3dev/ppu/bin/../lib/gcc/powerpc64-ps3-elf/4.5.2/crtbegin.o
 *crtbegin?.o(.ctors)
 *(EXCLUDE_FILE(*crtend?.o *crtend.o) .ctors)
 *(SORT(.ctors.*))
 .ctors.65430   0x0000000000030008        0x8 c:/psdk3v2/ps3dev/ppu/bin/../lib/gcc/powerpc64-ps3-elf/4.5.2/../../../../powerpc64-ps3-elf/lib\libc.a(lib_a-lock_internal.o)
 .ctors.65431   0x0000000000030010        0x8 c:/psdk3v2/ps3dev/ppu/bin/../lib/gcc/powerpc64-ps3-elf/4.5.2/../../../../powerpc64-ps3-elf/lib/lv2-crt0.o
 .ctors.65432   0x0000000000030018        0x8 c:/PSDK3v2/psl1ght/ppu/lib\librt.a(sbrk.o)
 *(.ctors)
 .ctors         0x0000000000030020        0x8 c:/psdk3v2/ps3dev/ppu/bin/../lib/gcc/powerpc64-ps3-elf/4.5.2/crtend.o

.dtors          0x0000000000030028       0x10
 *crtbegin.o(.dtors)
 .dtors         0x0000000000030028        0x8 c:/psdk3v2/ps3dev/ppu/bin/../lib/gcc/powerpc64-ps3-elf/4.5.2/crtbegin.o
 *crtbegin?.o(.dtors)
 *(EXCLUDE_FILE(*crtend?.o *crtend.o) .dtors)
 *(SORT(.dtors.*))
 *(.dtors)
 .dtors         0x0000000000030030        0x8 c:/psdk3v2/ps3dev/ppu/bin/../lib/gcc/powerpc64-ps3-elf/4.5.2/crtend.o
                0x0000000000030030                __DTOR_END__

.jcr            0x0000000000030038        0x8
 *(.jcr)
 .jcr           0x0000000000030038        0x0 c:/psdk3v2/ps3dev/ppu/bin/../lib/gcc/powerpc64-ps3-elf/4.5.2/crtbegin.o
 .jcr           0x0000000000030038        0x8 c:/psdk3v2/ps3dev/ppu/bin/../lib/gcc/powerpc64-ps3-elf/4.5.2/crtend.o

.data.rel.ro
 *(.data.rel.ro.local*)
 *(.data.rel.ro*)

.dynamic
 *(.dynamic)

.data.sceFStub  0x0000000000030040      0x1e0
 *(.data.sceFStub)
 *(SORT(.data.sceFStub.*))
 .data.sceFStub.sysPrxForUser
                0x0000000000030040      0x1e0 c:/PSDK3v2/psl1ght/ppu/lib\liblv2.a(sprx.o)
                0x0000000000030040                sysGetSystemTime_stub
                0x0000000000030044                sysGetSystemSwVersion_stub
                0x0000000000030048                sysGetTemperature_stub
                0x000000000003004c                sysGetRandomNumber_stub
                0x0000000000030050                sysGetRtcStatus_stub
                0x0000000000030054                sysBoardStorageRead_stub
                0x0000000000030058                sysBoardStorageWrite_stub
                0x000000000003005c                sysProcessIsStack_stub